
 Start  Stop   Length Name               Class

 00000H 06E95H 06E96H _TEXT              CODE
 06E96H 09588H 026F3H MAIN_TEXT          CODE
 09589H 097DFH 00257H CONFIG_TEXT        CODE
 097E0H 098F5H 00116H VERSION_TEXT       CODE
 098F6H 0A31DH 00A28H SESSION_TEXT       CODE
 0A31EH 0AE98H 00B7BH BOOTP_TEXT         CODE
 0AE99H 0B754H 008BCH TELNET_TEXT        CODE
 0B755H 0DAC0H 0236CH FTPCLI_TEXT        CODE
 0DAC1H 0F73CH 01C7CH SMTPCLI_TEXT       CODE
 0F73DH 0FF5FH 00823H HOP_TEXT           CODE
 0FF60H 10149H 001EAH RDATE_TEXT         CODE
 1014AH 10AD8H 0098FH TRACE_TEXT         CODE
 10AD9H 10BD2H 000FAH ENETDUMP_TEXT      CODE
 10BD3H 10DD1H 001FFH ARPDUMP_TEXT       CODE
 10DD2H 11039H 00268H IPDUMP_TEXT        CODE
 1103AH 111E6H 001ADH ICMPDUMP_TEXT      CODE
 111E7H 112C6H 000E0H UDPDUMP_TEXT       CODE
 112C7H 11495H 001CFH TCPDUMP_TEXT       CODE
 11496H 114C5H 00030H EMM01_B_TEXT       CODE
 114C6H 114DAH 00015H EMM02_A_TEXT       CODE
 114DCH 114F0H 00015H EMM03_A_TEXT       CODE
 114F2H 11507H 00016H EMM04_A_TEXT       CODE
 11508H 11517H 00010H EMM06_A_TEXT       CODE
 11518H 1152DH 00016H EMM05_A_TEXT       CODE
 1152EH 1153DH 00010H EMM08_A_TEXT       CODE
 1153EH 1154DH 00010H EMM09_A_TEXT       CODE
 1154EH 11560H 00013H EMM15_A_TEXT       CODE
 11562H 11576H 00015H EMM15_B_TEXT       CODE
 11578H 1158EH 00017H EMM16_C_TEXT       CODE
 11590H 115ACH 0001DH EMM17_A_TEXT       CODE
 115AEH 115CBH 0001EH EMM18_A_TEXT       CODE
 115CCH 11846H 0027BH EMM25_A_TEXT       CODE
 11847H 12CEEH 014A8H TCPCMD_TEXT        CODE
 12CEFH 134E7H 007F9H TCPUSER_TEXT       CODE
 134E8H 13624H 0013DH TCPTIMER_TEXT      CODE
 13625H 13A23H 003FFH TCPOUT_TEXT        CODE
 13A24H 14BE9H 011C6H TCPIN_TEXT         CODE
 14BEAH 1513DH 00554H TCPSUBR_TEXT       CODE
 1513EH 1556DH 00430H TCPHDR_TEXT        CODE
 1556EH 15680H 00113H UDPCMD_TEXT        CODE
 15681H 15B7CH 004FCH UDP_TEXT           CODE
 15B7DH 15CD6H 0015AH UDPHDR_TEXT        CODE
 15CD7H 19847H 03B71H DOMAIN_TEXT        CODE
 19848H 1A6CFH 00E88H DOMHDR_TEXT        CODE
 1A6D0H 1B9F6H 01327H IPCMD_TEXT         CODE
 1B9F7H 1C4CAH 00AD4H IP_TEXT            CODE
 1C4CBH 1C9A9H 004DFH IPHDR_TEXT         CODE
 1C9AAH 1D880H 00ED7H IPROUTE_TEXT       CODE
 1D881H 1DF82H 00702H ICMPCMD_TEXT       CODE
 1DF83H 1E459H 004D7H ICMP_TEXT          CODE
 1E45AH 1E6A9H 00250H ICMPHDR_TEXT       CODE
 1E6AAH 1E6AAH 00000H ICMPMSG_TEXT       CODE
 1E6AAH 1EF0EH 00865H ARPCMD_TEXT        CODE
 1EF0FH 1F912H 00A04H ARP_TEXT           CODE
 1F913H 1FBCEH 002BCH ARPHDR_TEXT        CODE
 1FBCFH 1FEFBH 0032DH NETUSER_TEXT       CODE
 1FEFCH 1FFFAH 000FFH XMS_TEXT           CODE
 1FFFBH 200DBH 000E1H XMSUTIL_TEXT       CODE
 200DCH 21A97H 019BCH MEMLIB_TEXT        CODE
 21A98H 21FCAH 00533H FTPSUBR_TEXT       CODE
 21FCBH 222B5H 002EBH SOCKCMD_TEXT       CODE
 222B6H 22BBDH 00908H SOCKUSER_TEXT      CODE
 22BBEH 24AE0H 01F23H SOCKET_TEXT        CODE
 24AE1H 24C91H 001B1H SOCKUTIL_TEXT      CODE
 24C92H 257A6H 00B15H IFACE_TEXT         CODE
 257A7H 25D27H 00581H TIMER_TEXT         CODE
 25D28H 268BBH 00B94H TTYDRIV_TEXT       CODE
 268BCH 27411H 00B56H CMDPARSE_TEXT      CODE
 27412H 27E71H 00A60H MBUF_TEXT          CODE
 27E72H 27FE0H 0016FH MISC_TEXT          CODE
 27FE1H 2835DH 0037DH PATHNAME_TEXT      CODE
 2835EH 2924FH 00EF2H FILES_TEXT         CODE
 29250H 29A56H 00807H KERNEL_TEXT        CODE
 29A57H 29F3EH 004E8H KSUBR_TEXT         CODE
 29F3FH 2AB90H 00C52H ALLOC_TEXT         CODE
 2AB91H 2ADDAH 0024AH GETOPT_TEXT        CODE
 2ADDBH 2B08BH 002B1H WILDMAT_TEXT       CODE
 2B08CH 2B137H 000ACH DEVPARAM_TEXT      CODE
 2B138H 2BD1BH 00BE4H MD5_TEXT           CODE
 2BD1CH 2BD1CH 00000H md5_TEXT           CODE
 2BD1CH 2D910H 01BF5H PC_TEXT            CODE
 2D911H 2E8FBH 00FEBH DIRUTIL_TEXT       CODE
 2E8FCH 2F5EDH 00CF2H PKTDRVR_TEXT       CODE
 2F5EEH 2F89BH 002AEH ENET_TEXT          CODE
 2F89CH 2F950H 000B5H PKVEC_TEXT         CODE
 2F952H 2FD15H 003C4H PCGEN_TEXT         CODE
 2FD16H 30078H 00363H COMMAND_TEXT       CODE
 30079H 30C2CH 00BB4H AT_TEXT            CODE
 30C2DH 32596H 0196AH FTPSERV_TEXT       CODE
 32597H 349BDH 02427H SMTPSERV_TEXT      CODE
 349BEH 34D62H 003A5H MAILUTIL_TEXT      CODE
 34D63H 366C7H 01965H INDEX_TEXT         CODE
 366C8H 36A4AH 00383H BMUTIL_TEXT        CODE
 36A4BH 3923DH 027F3H HTTP_TEXT          CODE
 39240H 39240H 00000H _FARDATA           FAR_DATA
 39240H 39307H 000C8H MAIN5_DATA         FAR_DATA
 39310H 3980FH 00500H CONFIG5_DATA       FAR_DATA
 39810H 3982FH 00020H CONFIG6_DATA       FAR_DATA
 39830H 3986FH 00040H CONFIG7_DATA       FAR_DATA
 39870H 398AFH 00040H CONFIG8_DATA       FAR_DATA
 398B0H 39AAFH 00200H FTPCLI5_DATA       FAR_DATA
 39AB0H 39BAFH 00100H SMTPCLI5_DATA      FAR_DATA
 39BB0H 39C0FH 00060H HOP5_DATA          FAR_DATA
 39C10H 39D1FH 00110H TCPCMD5_DATA       FAR_DATA
 39D20H 39DAFH 00090H TCPCMD6_DATA       FAR_DATA
 39DB0H 39DCFH 00020H UDPCMD5_DATA       FAR_DATA
 39DD0H 39EEFH 00120H DOMAIN5_DATA       FAR_DATA
 39EF0H 39F4FH 00060H DOMAIN6_DATA       FAR_DATA
 39F50H 39FEFH 000A0H IPCMD5_DATA        FAR_DATA
 39FF0H 3A05FH 00070H IPCMD6_DATA        FAR_DATA
 3A060H 3A3DFH 00380H IPROUTE5_DATA      FAR_DATA
 3A3E0H 3A43FH 00060H ICMPCMD5_DATA      FAR_DATA
 3A440H 3A4CFH 00090H ARPCMD5_DATA       FAR_DATA
 3A4D0H 3A56FH 000A0H IFACE5_DATA        FAR_DATA
 3A570H 3A62FH 000C0H FILES5_DATA        FAR_DATA
 3A630H 3A6CFH 000A0H ALLOC5_DATA        FAR_DATA
 3A6D0H 3A723H 00054H PC5_DATA           FAR_DATA
 3A730H 3AE3BH 0070CH PC6_DATA           FAR_DATA
 3AE40H 3AEB1H 00072H AT5_DATA           FAR_DATA
 3AEC0H 3AED4H 00015H HTTP5_DATA         FAR_DATA
 3AEE0H 3AF1CH 0003DH HTTP6_DATA         FAR_DATA
 3AF20H 3AF53H 00034H HTTP7_DATA         FAR_DATA
 3AF60H 3AF97H 00038H HTTP8_DATA         FAR_DATA
 3AFA0H 3AFBBH 0001CH HTTP9_DATA         FAR_DATA
 3AFC0H 3AFD3H 00014H HTTP10_DATA        FAR_DATA
 3AFE0H 3B179H 0019AH HTTP11_DATA        FAR_DATA
 3B180H 3B20FH 00090H HTTP12_DATA        FAR_DATA
 3B210H 3B210H 00000H _FARBSS            FAR_BSS
 3B210H 3B210H 00000H _OVERLAY_          OVRINFO
 3B210H 3B210H 00000H _1STUB_            STUBSEG
 3B210H 44F1BH 09D0CH _DATA              DATA
 44F1CH 44F1DH 00002H _CVTSEG            DATA
 44F1EH 44F23H 00006H _SCNSEG            DATA
 44F24H 44F24H 00000H _CONST             CONST
 44F24H 44F41H 0001EH _INIT_             INITDATA
 44F42H 44F42H 00000H _INITEND_          INITDATA
 44F42H 44F42H 00000H _EXIT_             EXITDATA
 44F42H 44F42H 00000H _EXITEND_          EXITDATA
 44F42H 45A1DH 00ADCH _BSS               BSS
 45A1EH 45A1EH 00000H _BSSEND            BSSEND
 45A20H 45A9FH 00080H _STACK             STACK
 45AA0H 45C9FH 00200H STACK              STACK


Detailed map of segments

 0000:0000 0295 C=CODE   S=_TEXT          G=(none)  M=c0.ASM     ACBP=28
 0000:0295 00CE C=CODE   S=_TEXT          G=(none)  M=MKNAME     ACBP=28
 0000:0363 002D C=CODE   S=_TEXT          G=(none)  M=ATEXIT     ACBP=28
 0000:0390 001B C=CODE   S=_TEXT          G=(none)  M=BDOSPTR    ACBP=28
 0000:03AB 0019 C=CODE   S=_TEXT          G=(none)  M=BIOSEQU    ACBP=28
 0000:03C4 004F C=CODE   S=_TEXT          G=(none)  M=CTRLBRK    ACBP=28
 0000:0413 0000 C=CODE   S=_TEXT          G=(none)  M=CTYPE      ACBP=28
 0000:0413 0103 C=CODE   S=_TEXT          G=(none)  M=DOSCMD     ACBP=28
 0000:0516 0162 C=CODE   S=_TEXT          G=(none)  M=DOSENV     ACBP=28
 0000:0678 003D C=CODE   S=_TEXT          G=(none)  M=DOSFATTR   ACBP=28
 0000:06B5 0060 C=CODE   S=_TEXT          G=(none)  M=DOSFIND    ACBP=28
 0000:0715 0036 C=CODE   S=_TEXT          G=(none)  M=DOSGDATE   ACBP=28
 0000:074B 0028 C=CODE   S=_TEXT          G=(none)  M=DOSGDRIV   ACBP=28
 0000:0773 00D6 C=CODE   S=_TEXT          G=(none)  M=DOSTIMU    ACBP=28
 0000:0849 0093 C=CODE   S=_TEXT          G=(none)  M=EXIT       ACBP=28
 0000:08DC 0000 C=CODE   S=_TEXT          G=(none)  M=FILES      ACBP=28
 0000:08DC 0000 C=CODE   S=_TEXT          G=(none)  M=FILES2     ACBP=28
 0000:08DC 0000 C=CODE   S=_TEXT          G=(none)  M=FMODE      ACBP=28
 0000:08DC 0021 C=CODE   S=_TEXT          G=(none)  M=F_PCMP     ACBP=28
 0000:08FD 001C C=CODE   S=_TEXT          G=(none)  M=F_SCOPY    ACBP=28
 0000:0919 001B C=CODE   S=_TEXT          G=(none)  M=GETCBRK    ACBP=28
 0000:0934 001D C=CODE   S=_TEXT          G=(none)  M=GETCURDI   ACBP=28
 0000:0951 0026 C=CODE   S=_TEXT          G=(none)  M=GETDATE    ACBP=28
 0000:0977 0039 C=CODE   S=_TEXT          G=(none)  M=GETDISK    ACBP=28
 0000:09B0 0020 C=CODE   S=_TEXT          G=(none)  M=GETVECT    ACBP=28
 0000:09D0 00AE C=CODE   S=_TEXT          G=(none)  M=H_LDIV     ACBP=28
 0000:0A7E 0021 C=CODE   S=_TEXT          G=(none)  M=H_LLSH     ACBP=28
 0000:0A9F 0088 C=CODE   S=_TEXT          G=(none)  M=H_PADA     ACBP=28
 0000:0B27 0060 C=CODE   S=_TEXT          G=(none)  M=H_PADD     ACBP=28
 0000:0B87 0028 C=CODE   S=_TEXT          G=(none)  M=H_PSBP     ACBP=28
 0000:0BAF 004B C=CODE   S=_TEXT          G=(none)  M=IOERROR    ACBP=28
 0000:0BFA 0011 C=CODE   S=_TEXT          G=(none)  M=ISATTY     ACBP=28
 0000:0C0B 00A2 C=CODE   S=_TEXT          G=(none)  M=LONGTOA    ACBP=28
 0000:0CAD 0029 C=CODE   S=_TEXT          G=(none)  M=LSEEK      ACBP=28
 0000:0CD6 0018 C=CODE   S=_TEXT          G=(none)  M=MKDIR      ACBP=28
 0000:0CEE 0017 C=CODE   S=_TEXT          G=(none)  M=N_LXMUL    ACBP=28
 0000:0D05 0021 C=CODE   S=_TEXT          G=(none)  M=N_PCMP     ACBP=28
 0000:0D26 001C C=CODE   S=_TEXT          G=(none)  M=N_SCOPY    ACBP=28
 0000:0D42 0037 C=CODE   S=_TEXT          G=(none)  M=RAND       ACBP=28
 0000:0D79 002F C=CODE   S=_TEXT          G=(none)  M=READA      ACBP=28
 0000:0DA8 0018 C=CODE   S=_TEXT          G=(none)  M=RMDIR      ACBP=28
 0000:0DC0 04F4 C=CODE   S=_TEXT          G=(none)  M=SCANNER    ACBP=28
 0000:12B4 01CD C=CODE   S=_TEXT          G=(none)  M=SCANTOL    ACBP=28
 0000:1481 03CD C=CODE   S=_TEXT          G=(none)  M=SEARCHP    ACBP=28
 0000:184E 0020 C=CODE   S=_TEXT          G=(none)  M=SEGREAD    ACBP=28
 0000:186E 002D C=CODE   S=_TEXT          G=(none)  M=SETBUF     ACBP=28
 0000:189B 002A C=CODE   S=_TEXT          G=(none)  M=SETDATE    ACBP=28
 0000:18C5 00BA C=CODE   S=_TEXT          G=(none)  M=SETUPIO    ACBP=28
 0000:197F 0098 C=CODE   S=_TEXT          G=(none)  M=STIME      ACBP=28
 0000:1A17 002C C=CODE   S=_TEXT          G=(none)  M=TOLOWER    ACBP=28
 0000:1A43 002C C=CODE   S=_TEXT          G=(none)  M=TOUPPER    ACBP=28
 0000:1A6F 0018 C=CODE   S=_TEXT          G=(none)  M=UNLINK     ACBP=28
 0000:1A87 04DB C=CODE   S=_TEXT          G=(none)  M=VPRINTER   ACBP=28
 0000:1F62 009F C=CODE   S=_TEXT          G=(none)  M=VRAM       ACBP=28
 0000:2001 0000 C=CODE   S=_TEXT          G=(none)  M=WSCROLL    ACBP=28
 0000:2001 0034 C=CODE   S=_TEXT          G=(none)  M=_STPCPY    ACBP=28
 0000:2035 0020 C=CODE   S=_TEXT          G=(none)  M=BRK        ACBP=28
 0000:2055 002F C=CODE   S=_TEXT          G=(none)  M=CLREOL     ACBP=28
 0000:2084 0029 C=CODE   S=_TEXT          G=(none)  M=CLRSCR     ACBP=28
 0000:20AD 004C C=CODE   S=_TEXT          G=(none)  M=COLOR      ACBP=28
 0000:20F9 0006 C=CODE   S=_TEXT          G=(none)  M=CORELEFT   ACBP=28
 0000:20FF 014E C=CODE   S=_TEXT          G=(none)  M=CPRINTF    ACBP=28
 0000:224D 0022 C=CODE   S=_TEXT          G=(none)  M=CPUTS      ACBP=28
 0000:226F 01A5 C=CODE   S=_TEXT          G=(none)  M=CRTINIT    ACBP=28
 0000:2414 001F C=CODE   S=_TEXT          G=(none)  M=CVTFAK     ACBP=28
 0000:2433 0396 C=CODE   S=_TEXT          G=(none)  M=EXEC       ACBP=28
 0000:27C9 0140 C=CODE   S=_TEXT          G=(none)  M=FBRK       ACBP=28
 0000:2909 0050 C=CODE   S=_TEXT          G=(none)  M=FCORELFT   ACBP=28
 0000:2959 0049 C=CODE   S=_TEXT          G=(none)  M=GOTOXY     ACBP=28
 0000:29A2 00AC C=CODE   S=_TEXT          G=(none)  M=GPTEXT     ACBP=28
 0000:2A4E 002E C=CODE   S=_TEXT          G=(none)  M=HARD       ACBP=28
 0000:2A7C 0126 C=CODE   S=_TEXT          G=(none)  M=HARDERR    ACBP=28
 0000:2BA2 00CA C=CODE   S=_TEXT          G=(none)  M=INT86      ACBP=28
 0000:2C6C 008E C=CODE   S=_TEXT          G=(none)  M=INTDOS     ACBP=28
 0000:2CFA 0029 C=CODE   S=_TEXT          G=(none)  M=IOCTL      ACBP=28
 0000:2D23 00CF C=CODE   S=_TEXT          G=(none)  M=LOADPROG   ACBP=28
 0000:2DF2 009D C=CODE   S=_TEXT          G=(none)  M=MOVETEXT   ACBP=28
 0000:2E8F 0017 C=CODE   S=_TEXT          G=(none)  M=PUTCH      ACBP=28
 0000:2EA6 0004 C=CODE   S=_TEXT          G=(none)  M=REALCVT    ACBP=28
 0000:2EAA 000C C=CODE   S=_TEXT          G=(none)  M=SCANTOD    ACBP=28
 0000:2EB6 01C7 C=CODE   S=_TEXT          G=(none)  M=SCREEN     ACBP=28
 0000:307D 018E C=CODE   S=_TEXT          G=(none)  M=SCROLL     ACBP=28
 0000:320B 012B C=CODE   S=_TEXT          G=(none)  M=SETARGV    ACBP=28
 0000:3336 001C C=CODE   S=_TEXT          G=(none)  M=SETBLOCK   ACBP=28
 0000:3352 0058 C=CODE   S=_TEXT          G=(none)  M=SETENVP    ACBP=28
 0000:33AA 006A C=CODE   S=_TEXT          G=(none)  M=SETJMP     ACBP=28
 0000:3414 00C6 C=CODE   S=_TEXT          G=(none)  M=SPAWN      ACBP=28
 0000:34DA 0059 C=CODE   S=_TEXT          G=(none)  M=SPAWNVP    ACBP=28
 0000:3533 0057 C=CODE   S=_TEXT          G=(none)  M=VIDINFO    ACBP=28
 0000:358A 002C C=CODE   S=_TEXT          G=(none)  M=WHEREXY    ACBP=28
 0000:35B6 0061 C=CODE   S=_TEXT          G=(none)  M=WINDOW     ACBP=28
 0000:3617 0037 C=CODE   S=_TEXT          G=(none)  M=ACCESS     ACBP=28
 0000:364E 0086 C=CODE   S=_TEXT          G=(none)  M=ATOL       ACBP=28
 0000:36D4 0010 C=CODE   S=_TEXT          G=(none)  M=BDOS       ACBP=28
 0000:36E4 001D C=CODE   S=_TEXT          G=(none)  M=CHMODA     ACBP=28
 0000:3701 0028 C=CODE   S=_TEXT          G=(none)  M=CLOSE      ACBP=28
 0000:3729 001E C=CODE   S=_TEXT          G=(none)  M=CLOSEA     ACBP=28
 0000:3747 097F C=CODE   S=_TEXT          G=(none)  M=CTIME      ACBP=28
 0000:40C6 0077 C=CODE   S=_TEXT          G=(none)  M=EOF        ACBP=28
 0000:413D 00B8 C=CODE   S=_TEXT          G=(none)  M=FCLOSE     ACBP=28
 0000:41F5 0041 C=CODE   S=_TEXT          G=(none)  M=FDOPEN     ACBP=28
 0000:4236 00CD C=CODE   S=_TEXT          G=(none)  M=FFLUSH     ACBP=28
 0000:4303 009C C=CODE   S=_TEXT          G=(none)  M=FGETS      ACBP=28
 0000:439F 0060 C=CODE   S=_TEXT          G=(none)  M=FINDFIRS   ACBP=28
 0000:43FF 0041 C=CODE   S=_TEXT          G=(none)  M=FLENGTH    ACBP=28
 0000:4440 0042 C=CODE   S=_TEXT          G=(none)  M=FLUSHALL   ACBP=28
 0000:4482 002B C=CODE   S=_TEXT          G=(none)  M=FNSPLIT    ACBP=28
 0000:44AD 020C C=CODE   S=_TEXT          G=(none)  M=FOPEN      ACBP=28
 0000:46B9 001C C=CODE   S=_TEXT          G=(none)  M=FPRINTF    ACBP=28
 0000:46D5 004A C=CODE   S=_TEXT          G=(none)  M=FPUTS      ACBP=28
 0000:471F 0182 C=CODE   S=_TEXT          G=(none)  M=FREAD      ACBP=28
 0000:48A1 01E2 C=CODE   S=_TEXT          G=(none)  M=FSEEK      ACBP=28
 0000:4A83 0094 C=CODE   S=_TEXT          G=(none)  M=FSTAT      ACBP=28
 0000:4B17 008B C=CODE   S=_TEXT          G=(none)  M=FWRITE     ACBP=28
 0000:4BA2 01C8 C=CODE   S=_TEXT          G=(none)  M=GETC       ACBP=28
 0000:4D6A 0070 C=CODE   S=_TEXT          G=(none)  M=GETENV     ACBP=28
 0000:4DDA 0070 C=CODE   S=_TEXT          G=(none)  M=LTOA1      ACBP=28
 0000:4E4A 0028 C=CODE   S=_TEXT          G=(none)  M=MEMCMP     ACBP=28
 0000:4E72 0024 C=CODE   S=_TEXT          G=(none)  M=MEMCPY     ACBP=28
 0000:4E96 0047 C=CODE   S=_TEXT          G=(none)  M=MEMICMP    ACBP=28
 0000:4EDD 0043 C=CODE   S=_TEXT          G=(none)  M=MEMSET     ACBP=28
 0000:4F20 0022 C=CODE   S=_TEXT          G=(none)  M=MOVEDATA   ACBP=28
 0000:4F42 0073 C=CODE   S=_TEXT          G=(none)  M=MOVMEM     ACBP=28
 0000:4FB5 019C C=CODE   S=_TEXT          G=(none)  M=OPEN       ACBP=28
 0000:5151 004F C=CODE   S=_TEXT          G=(none)  M=OPENA      ACBP=28
 0000:51A0 0058 C=CODE   S=_TEXT          G=(none)  M=PERROR     ACBP=28
 0000:51F8 001B C=CODE   S=_TEXT          G=(none)  M=PRINTF     ACBP=28
 0000:5213 03C8 C=CODE   S=_TEXT          G=(none)  M=PUTC       ACBP=28
 0000:55DB 0058 C=CODE   S=_TEXT          G=(none)  M=PUTS       ACBP=28
 0000:5633 02DC C=CODE   S=_TEXT          G=(none)  M=QSORT      ACBP=28
 0000:590F 00D1 C=CODE   S=_TEXT          G=(none)  M=READ       ACBP=28
 0000:59E0 0003 C=CODE   S=_TEXT          G=(none)  M=READU      ACBP=28
 0000:59E3 001D C=CODE   S=_TEXT          G=(none)  M=RENAME     ACBP=28
 0000:5A00 0026 C=CODE   S=_TEXT          G=(none)  M=REWIND     ACBP=28
 0000:5A26 004F C=CODE   S=_TEXT          G=(none)  M=SETMODE    ACBP=28
 0000:5A75 011D C=CODE   S=_TEXT          G=(none)  M=SETVBUF    ACBP=28
 0000:5B92 02D9 C=CODE   S=_TEXT          G=(none)  M=SPLITPTH   ACBP=28
 0000:5E6B 0083 C=CODE   S=_TEXT          G=(none)  M=SPRINTF    ACBP=28
 0000:5EEE 007A C=CODE   S=_TEXT          G=(none)  M=SSCANF     ACBP=28
 0000:5F68 003F C=CODE   S=_TEXT          G=(none)  M=STRCAT     ACBP=28
 0000:5FA7 003D C=CODE   S=_TEXT          G=(none)  M=STRCHR     ACBP=28
 0000:5FE4 0030 C=CODE   S=_TEXT          G=(none)  M=STRCMP     ACBP=28
 0000:6014 0029 C=CODE   S=_TEXT          G=(none)  M=STRCPY     ACBP=28
 0000:603D 0045 C=CODE   S=_TEXT          G=(none)  M=STRCSPN    ACBP=28
 0000:6082 010A C=CODE   S=_TEXT          G=(none)  M=STRDATE    ACBP=28
 0000:618C 0041 C=CODE   S=_TEXT          G=(none)  M=STRICMP    ACBP=28
 0000:61CD 001F C=CODE   S=_TEXT          G=(none)  M=STRLEN     ACBP=28
 0000:61EC 0024 C=CODE   S=_TEXT          G=(none)  M=STRLWR     ACBP=28
 0000:6210 0063 C=CODE   S=_TEXT          G=(none)  M=STRNCAT    ACBP=28
 0000:6273 0038 C=CODE   S=_TEXT          G=(none)  M=STRNCMP    ACBP=28
 0000:62AB 0031 C=CODE   S=_TEXT          G=(none)  M=STRNCPY    ACBP=28
 0000:62DC 0044 C=CODE   S=_TEXT          G=(none)  M=STRNICMP   ACBP=28
 0000:6320 004C C=CODE   S=_TEXT          G=(none)  M=STRPBRK    ACBP=28
 0000:636C 0049 C=CODE   S=_TEXT          G=(none)  M=STRRCHR    ACBP=28
 0000:63B5 0034 C=CODE   S=_TEXT          G=(none)  M=STRREV     ACBP=28
 0000:63E9 006E C=CODE   S=_TEXT          G=(none)  M=STRSTR     ACBP=28
 0000:6457 00C7 C=CODE   S=_TEXT          G=(none)  M=STRTOK     ACBP=28
 0000:651E 00DD C=CODE   S=_TEXT          G=(none)  M=STRTOUL    ACBP=28
 0000:65FB 0024 C=CODE   S=_TEXT          G=(none)  M=STRUPR     ACBP=28
 0000:661F 032E C=CODE   S=_TEXT          G=(none)  M=TIMECVT    ACBP=28
 0000:694D 0049 C=CODE   S=_TEXT          G=(none)  M=TMPFILE    ACBP=28
 0000:6996 0013 C=CODE   S=_TEXT          G=(none)  M=TMPNAM     ACBP=28
 0000:69A9 02CD C=CODE   S=_TEXT          G=(none)  M=TZSET      ACBP=28
 0000:6C76 001B C=CODE   S=_TEXT          G=(none)  M=VFPRINTF   ACBP=28
 0000:6C91 0151 C=CODE   S=_TEXT          G=(none)  M=WRITE      ACBP=28
 0000:6DE2 003C C=CODE   S=_TEXT          G=(none)  M=WRITEA     ACBP=28
 0000:6E1E 0003 C=CODE   S=_TEXT          G=(none)  M=WRITEU     ACBP=28
 0000:6E21 003D C=CODE   S=_TEXT          G=(none)  M=XFCLOSE    ACBP=28
 0000:6E5E 0038 C=CODE   S=_TEXT          G=(none)  M=XFFLUSH    ACBP=28
 06E9:0006 26F3 C=CODE   S=MAIN_TEXT      G=(none)  M=main.c     ACBP=28
 0958:0009 0257 C=CODE   S=CONFIG_TEXT    G=(none)  M=config.c   ACBP=28
 097E:0000 0116 C=CODE   S=VERSION_TEXT   G=(none)  M=version.c  ACBP=28
 098F:0006 0A28 C=CODE   S=SESSION_TEXT   G=(none)  M=session.c  ACBP=28
 0A31:000E 0B7B C=CODE   S=BOOTP_TEXT     G=(none)  M=BOOTP      ACBP=28
 0AE9:0009 08BC C=CODE   S=TELNET_TEXT    G=(none)  M=TELNET     ACBP=28
 0B75:0005 236C C=CODE   S=FTPCLI_TEXT    G=(none)  M=FTPCLI     ACBP=28
 0DAC:0001 1C7C C=CODE   S=SMTPCLI_TEXT   G=(none)  M=SMTPCLI    ACBP=28
 0F73:000D 0823 C=CODE   S=HOP_TEXT       G=(none)  M=HOP        ACBP=28
 0FF6:0000 01EA C=CODE   S=RDATE_TEXT     G=(none)  M=RDATE      ACBP=28
 1014:000A 098F C=CODE   S=TRACE_TEXT     G=(none)  M=TRACE      ACBP=28
 10AD:0009 00FA C=CODE   S=ENETDUMP_TEXT  G=(none)  M=ENETDUMP   ACBP=28
 10BD:0003 01FF C=CODE   S=ARPDUMP_TEXT   G=(none)  M=ARPDUMP    ACBP=28
 10DD:0002 0268 C=CODE   S=IPDUMP_TEXT    G=(none)  M=IPDUMP     ACBP=28
 1103:000A 01AD C=CODE   S=ICMPDUMP_TEXT  G=(none)  M=ICMPDUMP   ACBP=28
 111E:0007 00E0 C=CODE   S=UDPDUMP_TEXT   G=(none)  M=UDPDUMP    ACBP=28
 112C:0007 01CF C=CODE   S=TCPDUMP_TEXT   G=(none)  M=TCPDUMP    ACBP=28
 1149:0006 0030 C=CODE   S=EMM01_B_TEXT   G=(none)  M=EMM01_B    ACBP=48
 114C:0006 0015 C=CODE   S=EMM02_A_TEXT   G=(none)  M=EMM02_A    ACBP=48
 114D:000C 0015 C=CODE   S=EMM03_A_TEXT   G=(none)  M=EMM03_A    ACBP=48
 114F:0002 0016 C=CODE   S=EMM04_A_TEXT   G=(none)  M=EMM04_A    ACBP=48
 1150:0008 0010 C=CODE   S=EMM06_A_TEXT   G=(none)  M=EMM06_A    ACBP=48
 1151:0008 0016 C=CODE   S=EMM05_A_TEXT   G=(none)  M=EMM05_A    ACBP=48
 1152:000E 0010 C=CODE   S=EMM08_A_TEXT   G=(none)  M=EMM08_A    ACBP=48
 1153:000E 0010 C=CODE   S=EMM09_A_TEXT   G=(none)  M=EMM09_A    ACBP=48
 1154:000E 0013 C=CODE   S=EMM15_A_TEXT   G=(none)  M=EMM15_A    ACBP=48
 1156:0002 0015 C=CODE   S=EMM15_B_TEXT   G=(none)  M=EMM15_B    ACBP=48
 1157:0008 0017 C=CODE   S=EMM16_C_TEXT   G=(none)  M=EMM16_C    ACBP=48
 1159:0000 001D C=CODE   S=EMM17_A_TEXT   G=(none)  M=EMM17_A    ACBP=48
 115A:000E 001E C=CODE   S=EMM18_A_TEXT   G=(none)  M=EMM18_A    ACBP=48
 115C:000C 027B C=CODE   S=EMM25_A_TEXT   G=(none)  M=EMM25_A    ACBP=48
 1184:0007 14A8 C=CODE   S=TCPCMD_TEXT    G=(none)  M=TCPCMD     ACBP=28
 12CE:000F 07F9 C=CODE   S=TCPUSER_TEXT   G=(none)  M=TCPUSER    ACBP=28
 134E:0008 013D C=CODE   S=TCPTIMER_TEXT  G=(none)  M=TCPTIMER   ACBP=28
 1362:0005 03FF C=CODE   S=TCPOUT_TEXT    G=(none)  M=TCPOUT     ACBP=28
 13A2:0004 11C6 C=CODE   S=TCPIN_TEXT     G=(none)  M=TCPIN      ACBP=28
 14BE:000A 0554 C=CODE   S=TCPSUBR_TEXT   G=(none)  M=TCPSUBR    ACBP=28
 1513:000E 0430 C=CODE   S=TCPHDR_TEXT    G=(none)  M=TCPHDR     ACBP=28
 1556:000E 0113 C=CODE   S=UDPCMD_TEXT    G=(none)  M=UDPCMD     ACBP=28
 1568:0001 04FC C=CODE   S=UDP_TEXT       G=(none)  M=UDP        ACBP=28
 15B7:000D 015A C=CODE   S=UDPHDR_TEXT    G=(none)  M=UDPHDR     ACBP=28
 15CD:0007 3B71 C=CODE   S=DOMAIN_TEXT    G=(none)  M=DOMAIN     ACBP=28
 1984:0008 0E88 C=CODE   S=DOMHDR_TEXT    G=(none)  M=DOMHDR     ACBP=28
 1A6D:0000 1327 C=CODE   S=IPCMD_TEXT     G=(none)  M=IPCMD      ACBP=28
 1B9F:0007 0AD4 C=CODE   S=IP_TEXT        G=(none)  M=IP         ACBP=28
 1C4C:000B 04DF C=CODE   S=IPHDR_TEXT     G=(none)  M=IPHDR      ACBP=28
 1C9A:000A 0ED7 C=CODE   S=IPROUTE_TEXT   G=(none)  M=IPROUTE    ACBP=28
 1D88:0001 0702 C=CODE   S=ICMPCMD_TEXT   G=(none)  M=ICMPCMD    ACBP=28
 1DF8:0003 04D7 C=CODE   S=ICMP_TEXT      G=(none)  M=ICMP       ACBP=28
 1E45:000A 0250 C=CODE   S=ICMPHDR_TEXT   G=(none)  M=ICMPHDR    ACBP=28
 1E6A:000A 0000 C=CODE   S=ICMPMSG_TEXT   G=(none)  M=ICMPMSG    ACBP=28
 1E6A:000A 0865 C=CODE   S=ARPCMD_TEXT    G=(none)  M=ARPCMD     ACBP=28
 1EF0:000F 0A04 C=CODE   S=ARP_TEXT       G=(none)  M=ARP        ACBP=28
 1F91:0003 02BC C=CODE   S=ARPHDR_TEXT    G=(none)  M=ARPHDR     ACBP=28
 1FBC:000F 032D C=CODE   S=NETUSER_TEXT   G=(none)  M=NETUSER    ACBP=28
 1FEF:000C 00FF C=CODE   S=XMS_TEXT       G=(none)  M=XMS        ACBP=48
 1FFF:000B 00E1 C=CODE   S=XMSUTIL_TEXT   G=(none)  M=XMSUTIL    ACBP=28
 200D:000C 19BC C=CODE   S=MEMLIB_TEXT    G=(none)  M=MEMLIB     ACBP=28
 21A9:0008 0533 C=CODE   S=FTPSUBR_TEXT   G=(none)  M=FTPSUBR    ACBP=28
 21FC:000B 02EB C=CODE   S=SOCKCMD_TEXT   G=(none)  M=SOCKCMD    ACBP=28
 222B:0006 0908 C=CODE   S=SOCKUSER_TEXT  G=(none)  M=SOCKUSER   ACBP=28
 22BB:000E 1F23 C=CODE   S=SOCKET_TEXT    G=(none)  M=SOCKET     ACBP=28
 24AE:0001 01B1 C=CODE   S=SOCKUTIL_TEXT  G=(none)  M=SOCKUTIL   ACBP=28
 24C9:0002 0B15 C=CODE   S=IFACE_TEXT     G=(none)  M=IFACE      ACBP=28
 257A:0007 0581 C=CODE   S=TIMER_TEXT     G=(none)  M=TIMER      ACBP=28
 25D2:0008 0B94 C=CODE   S=TTYDRIV_TEXT   G=(none)  M=TTYDRIV    ACBP=28
 268B:000C 0B56 C=CODE   S=CMDPARSE_TEXT  G=(none)  M=CMDPARSE   ACBP=28
 2741:0002 0A60 C=CODE   S=MBUF_TEXT      G=(none)  M=MBUF       ACBP=28
 27E7:0002 016F C=CODE   S=MISC_TEXT      G=(none)  M=MISC       ACBP=28
 27FE:0001 037D C=CODE   S=PATHNAME_TEXT  G=(none)  M=PATHNAME   ACBP=28
 2835:000E 0EF2 C=CODE   S=FILES_TEXT     G=(none)  M=FILES      ACBP=28
 2925:0000 0807 C=CODE   S=KERNEL_TEXT    G=(none)  M=KERNEL     ACBP=28
 29A5:0007 04E8 C=CODE   S=KSUBR_TEXT     G=(none)  M=KSUBR      ACBP=28
 29F3:000F 0C52 C=CODE   S=ALLOC_TEXT     G=(none)  M=ALLOC      ACBP=28
 2AB9:0001 024A C=CODE   S=GETOPT_TEXT    G=(none)  M=GETOPT     ACBP=28
 2ADD:000B 02B1 C=CODE   S=WILDMAT_TEXT   G=(none)  M=WILDMAT    ACBP=28
 2B08:000C 00AC C=CODE   S=DEVPARAM_TEXT  G=(none)  M=DEVPARAM   ACBP=28
 2B13:0008 0BE4 C=CODE   S=MD5_TEXT       G=(none)  M=MD5        ACBP=28
 2BD1:000C 0000 C=CODE   S=md5_TEXT       G=(none)  M=MD5        ACBP=A9
 2BD1:000C 1BF5 C=CODE   S=PC_TEXT        G=(none)  M=PC         ACBP=28
 2D91:0001 0FEB C=CODE   S=DIRUTIL_TEXT   G=(none)  M=DIRUTIL    ACBP=28
 2E8F:000C 0CF2 C=CODE   S=PKTDRVR_TEXT   G=(none)  M=PKTDRVR    ACBP=28
 2F5E:000E 02AE C=CODE   S=ENET_TEXT      G=(none)  M=ENET       ACBP=28
 2F89:000C 00B5 C=CODE   S=PKVEC_TEXT     G=(none)  M=PKVEC      ACBP=48
 2F95:0002 03C4 C=CODE   S=PCGEN_TEXT     G=(none)  M=PCGEN      ACBP=48
 2FD1:0006 0363 C=CODE   S=COMMAND_TEXT   G=(none)  M=COMMAND    ACBP=48
 3007:0009 0BB4 C=CODE   S=AT_TEXT        G=(none)  M=AT         ACBP=28
 30C2:000D 196A C=CODE   S=FTPSERV_TEXT   G=(none)  M=FTPSERV    ACBP=28
 3259:0007 2427 C=CODE   S=SMTPSERV_TEXT  G=(none)  M=SMTPSERV   ACBP=28
 349B:000E 03A5 C=CODE   S=MAILUTIL_TEXT  G=(none)  M=MAILUTIL   ACBP=28
 34D6:0003 1965 C=CODE   S=INDEX_TEXT     G=(none)  M=INDEX      ACBP=28
 366C:0008 0383 C=CODE   S=BMUTIL_TEXT    G=(none)  M=BMUTIL     ACBP=28
 36A4:000B 27F3 C=CODE   S=HTTP_TEXT      G=(none)  M=HTTP       ACBP=28
 3924:0000 0000 C=FAR_DATA S=_FARDATA       G=(none)  M=c0.ASM     ACBP=68
 3924:0000 00C8 C=FAR_DATA S=MAIN5_DATA     G=(none)  M=main.c     ACBP=68
 3931:0000 0500 C=FAR_DATA S=CONFIG5_DATA   G=(none)  M=config.c   ACBP=68
 3981:0000 0020 C=FAR_DATA S=CONFIG6_DATA   G=(none)  M=config.c   ACBP=68
 3983:0000 0040 C=FAR_DATA S=CONFIG7_DATA   G=(none)  M=config.c   ACBP=68
 3987:0000 0040 C=FAR_DATA S=CONFIG8_DATA   G=(none)  M=config.c   ACBP=68
 398B:0000 0200 C=FAR_DATA S=FTPCLI5_DATA   G=(none)  M=FTPCLI     ACBP=68
 39AB:0000 0100 C=FAR_DATA S=SMTPCLI5_DATA  G=(none)  M=SMTPCLI    ACBP=68
 39BB:0000 0060 C=FAR_DATA S=HOP5_DATA      G=(none)  M=HOP        ACBP=68
 39C1:0000 0110 C=FAR_DATA S=TCPCMD5_DATA   G=(none)  M=TCPCMD     ACBP=68
 39D2:0000 0090 C=FAR_DATA S=TCPCMD6_DATA   G=(none)  M=TCPCMD     ACBP=68
 39DB:0000 0020 C=FAR_DATA S=UDPCMD5_DATA   G=(none)  M=UDPCMD     ACBP=68
 39DD:0000 0120 C=FAR_DATA S=DOMAIN5_DATA   G=(none)  M=DOMAIN     ACBP=68
 39EF:0000 0060 C=FAR_DATA S=DOMAIN6_DATA   G=(none)  M=DOMAIN     ACBP=68
 39F5:0000 00A0 C=FAR_DATA S=IPCMD5_DATA    G=(none)  M=IPCMD      ACBP=68
 39FF:0000 0070 C=FAR_DATA S=IPCMD6_DATA    G=(none)  M=IPCMD      ACBP=68
 3A06:0000 0380 C=FAR_DATA S=IPROUTE5_DATA  G=(none)  M=IPROUTE    ACBP=68
 3A3E:0000 0060 C=FAR_DATA S=ICMPCMD5_DATA  G=(none)  M=ICMPCMD    ACBP=68
 3A44:0000 0090 C=FAR_DATA S=ARPCMD5_DATA   G=(none)  M=ARPCMD     ACBP=68
 3A4D:0000 00A0 C=FAR_DATA S=IFACE5_DATA    G=(none)  M=IFACE      ACBP=68
 3A57:0000 00C0 C=FAR_DATA S=FILES5_DATA    G=(none)  M=FILES      ACBP=68
 3A63:0000 00A0 C=FAR_DATA S=ALLOC5_DATA    G=(none)  M=ALLOC      ACBP=68
 3A6D:0000 0054 C=FAR_DATA S=PC5_DATA       G=(none)  M=PC         ACBP=68
 3A73:0000 070C C=FAR_DATA S=PC6_DATA       G=(none)  M=PC         ACBP=68
 3AE4:0000 0072 C=FAR_DATA S=AT5_DATA       G=(none)  M=AT         ACBP=68
 3AEC:0000 0015 C=FAR_DATA S=HTTP5_DATA     G=(none)  M=HTTP       ACBP=68
 3AEE:0000 003D C=FAR_DATA S=HTTP6_DATA     G=(none)  M=HTTP       ACBP=68
 3AF2:0000 0034 C=FAR_DATA S=HTTP7_DATA     G=(none)  M=HTTP       ACBP=68
 3AF6:0000 0038 C=FAR_DATA S=HTTP8_DATA     G=(none)  M=HTTP       ACBP=68
 3AFA:0000 001C C=FAR_DATA S=HTTP9_DATA     G=(none)  M=HTTP       ACBP=68
 3AFC:0000 0014 C=FAR_DATA S=HTTP10_DATA    G=(none)  M=HTTP       ACBP=68
 3AFE:0000 019A C=FAR_DATA S=HTTP11_DATA    G=(none)  M=HTTP       ACBP=68
 3B18:0000 0090 C=FAR_DATA S=HTTP12_DATA    G=(none)  M=HTTP       ACBP=68
 3B21:0000 0000 C=FAR_BSS S=_FARBSS        G=(none)  M=c0.ASM     ACBP=68
 3B21:0000 0000 C=OVRINFO S=_OVERLAY_      G=(none)  M=c0.ASM     ACBP=68
 3B21:0000 0000 C=STUBSEG S=_1STUB_        G=(none)  M=c0.ASM     ACBP=68
 3B21:0000 0093 C=DATA   S=_DATA          G=DGROUP  M=c0.ASM     ACBP=68
 3B21:0094 07D3 C=DATA   S=_DATA          G=DGROUP  M=main.c     ACBP=48
 3B21:0868 0662 C=DATA   S=_DATA          G=DGROUP  M=config.c   ACBP=48
 3B21:0ECA 028A C=DATA   S=_DATA          G=DGROUP  M=version.c  ACBP=48
 3B21:1154 01AB C=DATA   S=_DATA          G=DGROUP  M=session.c  ACBP=48
 3B21:1300 0196 C=DATA   S=_DATA          G=DGROUP  M=BOOTP      ACBP=48
 3B21:1496 00BE C=DATA   S=_DATA          G=DGROUP  M=TELNET     ACBP=48
 3B21:1554 070D C=DATA   S=_DATA          G=DGROUP  M=FTPCLI     ACBP=48
 3B21:1C62 0507 C=DATA   S=_DATA          G=DGROUP  M=SMTPCLI    ACBP=48
 3B21:216A 01FF C=DATA   S=_DATA          G=DGROUP  M=HOP        ACBP=48
 3B21:236A 00E9 C=DATA   S=_DATA          G=DGROUP  M=RDATE      ACBP=48
 3B21:2454 021F C=DATA   S=_DATA          G=DGROUP  M=TRACE      ACBP=48
 3B21:2674 0044 C=DATA   S=_DATA          G=DGROUP  M=ENETDUMP   ACBP=48
 3B21:26B8 00B3 C=DATA   S=_DATA          G=DGROUP  M=ARPDUMP    ACBP=48
 3B21:276C 009D C=DATA   S=_DATA          G=DGROUP  M=IPDUMP     ACBP=48
 3B21:280A 0062 C=DATA   S=_DATA          G=DGROUP  M=ICMPDUMP   ACBP=48
 3B21:286C 0034 C=DATA   S=_DATA          G=DGROUP  M=UDPDUMP    ACBP=48
 3B21:28A0 0092 C=DATA   S=_DATA          G=DGROUP  M=TCPDUMP    ACBP=48
 3B21:2932 0000 C=DATA   S=_DATA          G=DGROUP  M=EMM01_B    ACBP=48
 3B21:2932 0000 C=DATA   S=_DATA          G=DGROUP  M=EMM02_A    ACBP=48
 3B21:2932 0000 C=DATA   S=_DATA          G=DGROUP  M=EMM03_A    ACBP=48
 3B21:2932 0000 C=DATA   S=_DATA          G=DGROUP  M=EMM04_A    ACBP=48
 3B21:2932 0000 C=DATA   S=_DATA          G=DGROUP  M=EMM06_A    ACBP=48
 3B21:2932 0000 C=DATA   S=_DATA          G=DGROUP  M=EMM05_A    ACBP=48
 3B21:2932 0000 C=DATA   S=_DATA          G=DGROUP  M=EMM08_A    ACBP=48
 3B21:2932 0000 C=DATA   S=_DATA          G=DGROUP  M=EMM09_A    ACBP=48
 3B21:2932 0000 C=DATA   S=_DATA          G=DGROUP  M=EMM15_A    ACBP=48
 3B21:2932 0000 C=DATA   S=_DATA          G=DGROUP  M=EMM15_B    ACBP=48
 3B21:2932 0000 C=DATA   S=_DATA          G=DGROUP  M=EMM16_C    ACBP=48
 3B21:2932 0000 C=DATA   S=_DATA          G=DGROUP  M=EMM17_A    ACBP=48
 3B21:2932 0000 C=DATA   S=_DATA          G=DGROUP  M=EMM18_A    ACBP=48
 3B21:2932 0000 C=DATA   S=_DATA          G=DGROUP  M=EMM25_A    ACBP=48
 3B21:2932 0587 C=DATA   S=_DATA          G=DGROUP  M=TCPCMD     ACBP=48
 3B21:2EBA 0002 C=DATA   S=_DATA          G=DGROUP  M=TCPUSER    ACBP=48
 3B21:2EBC 0002 C=DATA   S=_DATA          G=DGROUP  M=TCPTIMER   ACBP=48
 3B21:2EBE 0000 C=DATA   S=_DATA          G=DGROUP  M=TCPOUT     ACBP=48
 3B21:2EBE 0000 C=DATA   S=_DATA          G=DGROUP  M=TCPIN      ACBP=48
 3B21:2EBE 021C C=DATA   S=_DATA          G=DGROUP  M=TCPSUBR    ACBP=48
 3B21:30DA 0000 C=DATA   S=_DATA          G=DGROUP  M=TCPHDR     ACBP=48
 3B21:30DA 0045 C=DATA   S=_DATA          G=DGROUP  M=UDPCMD     ACBP=48
 3B21:3120 005F C=DATA   S=_DATA          G=DGROUP  M=UDP        ACBP=48
 3B21:3180 0000 C=DATA   S=_DATA          G=DGROUP  M=UDPHDR     ACBP=48
 3B21:3180 06B4 C=DATA   S=_DATA          G=DGROUP  M=DOMAIN     ACBP=48
 3B21:3834 0000 C=DATA   S=_DATA          G=DGROUP  M=DOMHDR     ACBP=48
 3B21:3834 0432 C=DATA   S=_DATA          G=DGROUP  M=IPCMD      ACBP=48
 3B21:3C66 01A5 C=DATA   S=_DATA          G=DGROUP  M=IP         ACBP=48
 3B21:3E0C 0000 C=DATA   S=_DATA          G=DGROUP  M=IPHDR      ACBP=48
 3B21:3E0C 0047 C=DATA   S=_DATA          G=DGROUP  M=IPROUTE    ACBP=48
 3B21:3E54 0196 C=DATA   S=_DATA          G=DGROUP  M=ICMPCMD    ACBP=48
 3B21:3FEA 02AA C=DATA   S=_DATA          G=DGROUP  M=ICMP       ACBP=48
 3B21:4294 0000 C=DATA   S=_DATA          G=DGROUP  M=ICMPHDR    ACBP=48
 3B21:4294 0223 C=DATA   S=_DATA          G=DGROUP  M=ICMPMSG    ACBP=48
 3B21:44B8 0322 C=DATA   S=_DATA          G=DGROUP  M=ARPCMD     ACBP=48
 3B21:47DA 0000 C=DATA   S=_DATA          G=DGROUP  M=ARP        ACBP=48
 3B21:47DA 0000 C=DATA   S=_DATA          G=DGROUP  M=ARPHDR     ACBP=48
 3B21:47DA 0082 C=DATA   S=_DATA          G=DGROUP  M=NETUSER    ACBP=48
 3B21:485C 0004 C=DATA   S=_DATA          G=DGROUP  M=XMS        ACBP=48
 3B21:4860 0000 C=DATA   S=_DATA          G=DGROUP  M=XMSUTIL    ACBP=48
 3B21:4860 0064 C=DATA   S=_DATA          G=DGROUP  M=MEMLIB     ACBP=48
 3B21:48C4 0024 C=DATA   S=_DATA          G=DGROUP  M=FTPSUBR    ACBP=48
 3B21:48E8 0110 C=DATA   S=_DATA          G=DGROUP  M=SOCKCMD    ACBP=48
 3B21:49F8 0058 C=DATA   S=_DATA          G=DGROUP  M=SOCKUSER   ACBP=48
 3B21:4A50 0091 C=DATA   S=_DATA          G=DGROUP  M=SOCKET     ACBP=48
 3B21:4AE2 0006 C=DATA   S=_DATA          G=DGROUP  M=SOCKUTIL   ACBP=48
 3B21:4AE8 02B7 C=DATA   S=_DATA          G=DGROUP  M=IFACE      ACBP=48
 3B21:4DA0 0029 C=DATA   S=_DATA          G=DGROUP  M=TIMER      ACBP=48
 3B21:4DCA 0117 C=DATA   S=_DATA          G=DGROUP  M=TTYDRIV    ACBP=48
 3B21:4EE2 01A0 C=DATA   S=_DATA          G=DGROUP  M=CMDPARSE   ACBP=48
 3B21:5082 003F C=DATA   S=_DATA          G=DGROUP  M=MBUF       ACBP=48
 3B21:50C2 001A C=DATA   S=_DATA          G=DGROUP  M=MISC       ACBP=48
 3B21:50DC 000B C=DATA   S=_DATA          G=DGROUP  M=PATHNAME   ACBP=48
 3B21:50E8 034D C=DATA   S=_DATA          G=DGROUP  M=FILES      ACBP=48
 3B21:5436 0000 C=DATA   S=_DATA          G=DGROUP  M=KERNEL     ACBP=48
 3B21:5436 0194 C=DATA   S=_DATA          G=DGROUP  M=KSUBR      ACBP=48
 3B21:55CA 035B C=DATA   S=_DATA          G=DGROUP  M=ALLOC      ACBP=48
 3B21:5926 0040 C=DATA   S=_DATA          G=DGROUP  M=GETOPT     ACBP=48
 3B21:5966 0000 C=DATA   S=_DATA          G=DGROUP  M=WILDMAT    ACBP=48
 3B21:5966 0124 C=DATA   S=_DATA          G=DGROUP  M=DEVPARAM   ACBP=48
 3B21:5A8A 0040 C=DATA   S=_DATA          G=DGROUP  M=MD5        ACBP=48
 3B21:5ACA 04DB C=DATA   S=_DATA          G=DGROUP  M=PC         ACBP=48
 3B21:5FA6 015A C=DATA   S=_DATA          G=DGROUP  M=DIRUTIL    ACBP=48
 3B21:6100 0014 C=DATA   S=_DATA          G=DGROUP  M=MKNAME     ACBP=48
 3B21:6114 0272 C=DATA   S=_DATA          G=DGROUP  M=PKTDRVR    ACBP=48
 3B21:6386 0024 C=DATA   S=_DATA          G=DGROUP  M=ENET       ACBP=48
 3B21:63AA 0000 C=DATA   S=_DATA          G=DGROUP  M=PKVEC      ACBP=48
 3B21:63AA 0505 C=DATA   S=_DATA          G=DGROUP  M=PCGEN      ACBP=48
 3B21:68B0 1000 C=DATA   S=_DATA          G=DGROUP  M=COMMAND    ACBP=48
 3B21:78B0 00BB C=DATA   S=_DATA          G=DGROUP  M=AT         ACBP=48
 3B21:796C 0744 C=DATA   S=_DATA          G=DGROUP  M=FTPSERV    ACBP=48
 3B21:80B0 04DB C=DATA   S=_DATA          G=DGROUP  M=SMTPSERV   ACBP=48
 3B21:858C 001E C=DATA   S=_DATA          G=DGROUP  M=MAILUTIL   ACBP=48
 3B21:85AA 01EF C=DATA   S=_DATA          G=DGROUP  M=INDEX      ACBP=48
 3B21:879A 0049 C=DATA   S=_DATA          G=DGROUP  M=BMUTIL     ACBP=48
 3B21:87E4 0BAC C=DATA   S=_DATA          G=DGROUP  M=HTTP       ACBP=48
 3B21:9390 0002 C=DATA   S=_DATA          G=DGROUP  M=ATEXIT     ACBP=48
 3B21:9392 0000 C=DATA   S=_DATA          G=DGROUP  M=BDOSPTR    ACBP=48
 3B21:9392 0000 C=DATA   S=_DATA          G=DGROUP  M=BIOSEQU    ACBP=48
 3B21:9392 0000 C=DATA   S=_DATA          G=DGROUP  M=CTRLBRK    ACBP=48
 3B21:9392 0101 C=DATA   S=_DATA          G=DGROUP  M=CTYPE      ACBP=48
 3B21:9494 0000 C=DATA   S=_DATA          G=DGROUP  M=DOSCMD     ACBP=48
 3B21:9494 0000 C=DATA   S=_DATA          G=DGROUP  M=DOSENV     ACBP=48
 3B21:9494 0000 C=DATA   S=_DATA          G=DGROUP  M=DOSFATTR   ACBP=48
 3B21:9494 0000 C=DATA   S=_DATA          G=DGROUP  M=DOSFIND    ACBP=48
 3B21:9494 0000 C=DATA   S=_DATA          G=DGROUP  M=DOSGDATE   ACBP=48
 3B21:9494 0000 C=DATA   S=_DATA          G=DGROUP  M=DOSGDRIV   ACBP=48
 3B21:9494 0000 C=DATA   S=_DATA          G=DGROUP  M=DOSTIMU    ACBP=48
 3B21:9494 000C C=DATA   S=_DATA          G=DGROUP  M=EXIT       ACBP=48
 3B21:94A0 0190 C=DATA   S=_DATA          G=DGROUP  M=FILES      ACBP=48
 3B21:9630 002A C=DATA   S=_DATA          G=DGROUP  M=FILES2     ACBP=48
 3B21:965A 0004 C=DATA   S=_DATA          G=DGROUP  M=FMODE      ACBP=48
 3B21:965E 0000 C=DATA   S=_DATA          G=DGROUP  M=F_PCMP     ACBP=48
 3B21:965E 0000 C=DATA   S=_DATA          G=DGROUP  M=F_SCOPY    ACBP=48
 3B21:965E 0000 C=DATA   S=_DATA          G=DGROUP  M=GETCBRK    ACBP=48
 3B21:965E 0000 C=DATA   S=_DATA          G=DGROUP  M=GETCURDI   ACBP=48
 3B21:965E 0000 C=DATA   S=_DATA          G=DGROUP  M=GETDATE    ACBP=48
 3B21:965E 0000 C=DATA   S=_DATA          G=DGROUP  M=GETDISK    ACBP=48
 3B21:965E 0000 C=DATA   S=_DATA          G=DGROUP  M=GETVECT    ACBP=48
 3B21:965E 0000 C=DATA   S=_DATA          G=DGROUP  M=H_LDIV     ACBP=48
 3B21:965E 0000 C=DATA   S=_DATA          G=DGROUP  M=H_LLSH     ACBP=48
 3B21:965E 0000 C=DATA   S=_DATA          G=DGROUP  M=H_PADA     ACBP=48
 3B21:965E 0000 C=DATA   S=_DATA          G=DGROUP  M=H_PADD     ACBP=48
 3B21:965E 0000 C=DATA   S=_DATA          G=DGROUP  M=H_PSBP     ACBP=48
 3B21:965E 005B C=DATA   S=_DATA          G=DGROUP  M=IOERROR    ACBP=48
 3B21:96BA 0000 C=DATA   S=_DATA          G=DGROUP  M=ISATTY     ACBP=48
 3B21:96BA 0000 C=DATA   S=_DATA          G=DGROUP  M=LONGTOA    ACBP=48
 3B21:96BA 0000 C=DATA   S=_DATA          G=DGROUP  M=LSEEK      ACBP=48
 3B21:96BA 0000 C=DATA   S=_DATA          G=DGROUP  M=MKDIR      ACBP=48
 3B21:96BA 0000 C=DATA   S=_DATA          G=DGROUP  M=N_LXMUL    ACBP=48
 3B21:96BA 0000 C=DATA   S=_DATA          G=DGROUP  M=N_PCMP     ACBP=48
 3B21:96BA 0000 C=DATA   S=_DATA          G=DGROUP  M=N_SCOPY    ACBP=48
 3B21:96BA 0004 C=DATA   S=_DATA          G=DGROUP  M=RAND       ACBP=48
 3B21:96BE 0000 C=DATA   S=_DATA          G=DGROUP  M=READA      ACBP=48
 3B21:96BE 0000 C=DATA   S=_DATA          G=DGROUP  M=RMDIR      ACBP=48
 3B21:96BE 0080 C=DATA   S=_DATA          G=DGROUP  M=SCANNER    ACBP=48
 3B21:973E 0000 C=DATA   S=_DATA          G=DGROUP  M=SCANTOL    ACBP=48
 3B21:973E 000F C=DATA   S=_DATA          G=DGROUP  M=SEARCHP    ACBP=48
 3B21:974E 0000 C=DATA   S=_DATA          G=DGROUP  M=SEGREAD    ACBP=48
 3B21:974E 0000 C=DATA   S=_DATA          G=DGROUP  M=SETBUF     ACBP=48
 3B21:974E 0000 C=DATA   S=_DATA          G=DGROUP  M=SETDATE    ACBP=48
 3B21:974E 0000 C=DATA   S=_DATA          G=DGROUP  M=SETUPIO    ACBP=48
 3B21:974E 0000 C=DATA   S=_DATA          G=DGROUP  M=STIME      ACBP=48
 3B21:974E 0000 C=DATA   S=_DATA          G=DGROUP  M=TOLOWER    ACBP=48
 3B21:974E 0000 C=DATA   S=_DATA          G=DGROUP  M=TOUPPER    ACBP=48
 3B21:974E 0000 C=DATA   S=_DATA          G=DGROUP  M=UNLINK     ACBP=48
 3B21:974E 0067 C=DATA   S=_DATA          G=DGROUP  M=VPRINTER   ACBP=48
 3B21:97B6 0000 C=DATA   S=_DATA          G=DGROUP  M=VRAM       ACBP=48
 3B21:97B6 0002 C=DATA   S=_DATA          G=DGROUP  M=WSCROLL    ACBP=48
 3B21:97B8 0000 C=DATA   S=_DATA          G=DGROUP  M=_STPCPY    ACBP=48
 3B21:97B8 0000 C=DATA   S=_DATA          G=DGROUP  M=BRK        ACBP=48
 3B21:97B8 0000 C=DATA   S=_DATA          G=DGROUP  M=CLREOL     ACBP=48
 3B21:97B8 0000 C=DATA   S=_DATA          G=DGROUP  M=CLRSCR     ACBP=48
 3B21:97B8 0000 C=DATA   S=_DATA          G=DGROUP  M=COLOR      ACBP=48
 3B21:97B8 0000 C=DATA   S=_DATA          G=DGROUP  M=CORELEFT   ACBP=48
 3B21:97B8 0000 C=DATA   S=_DATA          G=DGROUP  M=CPRINTF    ACBP=48
 3B21:97B8 0000 C=DATA   S=_DATA          G=DGROUP  M=CPUTS      ACBP=48
 3B21:97B8 0018 C=DATA   S=_DATA          G=DGROUP  M=CRTINIT    ACBP=48
 3B21:97D0 0031 C=DATA   S=_DATA          G=DGROUP  M=CVTFAK     ACBP=48
 3B21:9802 0000 C=DATA   S=_DATA          G=DGROUP  M=EXEC       ACBP=48
 3B21:9802 0002 C=DATA   S=_DATA          G=DGROUP  M=FBRK       ACBP=48
 3B21:9804 0000 C=DATA   S=_DATA          G=DGROUP  M=FCORELFT   ACBP=48
 3B21:9804 0000 C=DATA   S=_DATA          G=DGROUP  M=GOTOXY     ACBP=48
 3B21:9804 0000 C=DATA   S=_DATA          G=DGROUP  M=GPTEXT     ACBP=48
 3B21:9804 0000 C=DATA   S=_DATA          G=DGROUP  M=HARD       ACBP=48
 3B21:9804 0000 C=DATA   S=_DATA          G=DGROUP  M=HARDERR    ACBP=48
 3B21:9804 0000 C=DATA   S=_DATA          G=DGROUP  M=INT86      ACBP=48
 3B21:9804 0000 C=DATA   S=_DATA          G=DGROUP  M=INTDOS     ACBP=48
 3B21:9804 0000 C=DATA   S=_DATA          G=DGROUP  M=IOCTL      ACBP=48
 3B21:9804 0000 C=DATA   S=_DATA          G=DGROUP  M=LOADPROG   ACBP=48
 3B21:9804 0000 C=DATA   S=_DATA          G=DGROUP  M=MOVETEXT   ACBP=48
 3B21:9804 0000 C=DATA   S=_DATA          G=DGROUP  M=PUTCH      ACBP=48
 3B21:9804 0000 C=DATA   S=_DATA          G=DGROUP  M=REALCVT    ACBP=48
 3B21:9804 0000 C=DATA   S=_DATA          G=DGROUP  M=SCANTOD    ACBP=48
 3B21:9804 0000 C=DATA   S=_DATA          G=DGROUP  M=SCREEN     ACBP=48
 3B21:9804 0000 C=DATA   S=_DATA          G=DGROUP  M=SCROLL     ACBP=48
 3B21:9804 0010 C=DATA   S=_DATA          G=DGROUP  M=SETARGV    ACBP=48
 3B21:9814 0000 C=DATA   S=_DATA          G=DGROUP  M=SETBLOCK   ACBP=48
 3B21:9814 0004 C=DATA   S=_DATA          G=DGROUP  M=SETENVP    ACBP=48
 3B21:9818 0000 C=DATA   S=_DATA          G=DGROUP  M=SETJMP     ACBP=48
 3B21:9818 0000 C=DATA   S=_DATA          G=DGROUP  M=SPAWN      ACBP=48
 3B21:9818 0000 C=DATA   S=_DATA          G=DGROUP  M=SPAWNVP    ACBP=48
 3B21:9818 0000 C=DATA   S=_DATA          G=DGROUP  M=VIDINFO    ACBP=48
 3B21:9818 0000 C=DATA   S=_DATA          G=DGROUP  M=WHEREXY    ACBP=48
 3B21:9818 0000 C=DATA   S=_DATA          G=DGROUP  M=WINDOW     ACBP=48
 3B21:9818 0000 C=DATA   S=_DATA          G=DGROUP  M=ACCESS     ACBP=48
 3B21:9818 0000 C=DATA   S=_DATA          G=DGROUP  M=ATOL       ACBP=48
 3B21:9818 0000 C=DATA   S=_DATA          G=DGROUP  M=BDOS       ACBP=48
 3B21:9818 0000 C=DATA   S=_DATA          G=DGROUP  M=CHMODA     ACBP=48
 3B21:9818 0000 C=DATA   S=_DATA          G=DGROUP  M=CLOSE      ACBP=48
 3B21:9818 0000 C=DATA   S=_DATA          G=DGROUP  M=CLOSEA     ACBP=48
 3B21:9818 01D5 C=DATA   S=_DATA          G=DGROUP  M=CTIME      ACBP=48
 3B21:99EE 0000 C=DATA   S=_DATA          G=DGROUP  M=EOF        ACBP=48
 3B21:99EE 0000 C=DATA   S=_DATA          G=DGROUP  M=FCLOSE     ACBP=48
 3B21:99EE 0000 C=DATA   S=_DATA          G=DGROUP  M=FDOPEN     ACBP=48
 3B21:99EE 0000 C=DATA   S=_DATA          G=DGROUP  M=FFLUSH     ACBP=48
 3B21:99EE 0000 C=DATA   S=_DATA          G=DGROUP  M=FGETS      ACBP=48
 3B21:99EE 0000 C=DATA   S=_DATA          G=DGROUP  M=FINDFIRS   ACBP=48
 3B21:99EE 0000 C=DATA   S=_DATA          G=DGROUP  M=FLENGTH    ACBP=48
 3B21:99EE 0000 C=DATA   S=_DATA          G=DGROUP  M=FLUSHALL   ACBP=48
 3B21:99EE 0000 C=DATA   S=_DATA          G=DGROUP  M=FNSPLIT    ACBP=48
 3B21:99EE 0000 C=DATA   S=_DATA          G=DGROUP  M=FOPEN      ACBP=48
 3B21:99EE 0000 C=DATA   S=_DATA          G=DGROUP  M=FPRINTF    ACBP=48
 3B21:99EE 0000 C=DATA   S=_DATA          G=DGROUP  M=FPUTS      ACBP=48
 3B21:99EE 0000 C=DATA   S=_DATA          G=DGROUP  M=FREAD      ACBP=48
 3B21:99EE 0000 C=DATA   S=_DATA          G=DGROUP  M=FSEEK      ACBP=48
 3B21:99EE 0000 C=DATA   S=_DATA          G=DGROUP  M=FSTAT      ACBP=48
 3B21:99EE 0000 C=DATA   S=_DATA          G=DGROUP  M=FWRITE     ACBP=48
 3B21:99EE 0000 C=DATA   S=_DATA          G=DGROUP  M=GETC       ACBP=48
 3B21:99EE 0000 C=DATA   S=_DATA          G=DGROUP  M=GETENV     ACBP=48
 3B21:99EE 0000 C=DATA   S=_DATA          G=DGROUP  M=LTOA1      ACBP=48
 3B21:99EE 0000 C=DATA   S=_DATA          G=DGROUP  M=MEMCMP     ACBP=48
 3B21:99EE 0000 C=DATA   S=_DATA          G=DGROUP  M=MEMCPY     ACBP=48
 3B21:99EE 0000 C=DATA   S=_DATA          G=DGROUP  M=MEMICMP    ACBP=48
 3B21:99EE 0000 C=DATA   S=_DATA          G=DGROUP  M=MEMSET     ACBP=48
 3B21:99EE 0000 C=DATA   S=_DATA          G=DGROUP  M=MOVEDATA   ACBP=48
 3B21:99EE 0000 C=DATA   S=_DATA          G=DGROUP  M=MOVMEM     ACBP=48
 3B21:99EE 0000 C=DATA   S=_DATA          G=DGROUP  M=OPEN       ACBP=48
 3B21:99EE 0000 C=DATA   S=_DATA          G=DGROUP  M=OPENA      ACBP=48
 3B21:99EE 02D3 C=DATA   S=_DATA          G=DGROUP  M=PERROR     ACBP=48
 3B21:9CC2 0000 C=DATA   S=_DATA          G=DGROUP  M=PRINTF     ACBP=48
 3B21:9CC2 0001 C=DATA   S=_DATA          G=DGROUP  M=PUTC       ACBP=48
 3B21:9CC4 0000 C=DATA   S=_DATA          G=DGROUP  M=PUTS       ACBP=48
 3B21:9CC4 0000 C=DATA   S=_DATA          G=DGROUP  M=QSORT      ACBP=48
 3B21:9CC4 0000 C=DATA   S=_DATA          G=DGROUP  M=READ       ACBP=48
 3B21:9CC4 0000 C=DATA   S=_DATA          G=DGROUP  M=READU      ACBP=48
 3B21:9CC4 0000 C=DATA   S=_DATA          G=DGROUP  M=RENAME     ACBP=48
 3B21:9CC4 0000 C=DATA   S=_DATA          G=DGROUP  M=REWIND     ACBP=48
 3B21:9CC4 0000 C=DATA   S=_DATA          G=DGROUP  M=SETMODE    ACBP=48
 3B21:9CC4 0004 C=DATA   S=_DATA          G=DGROUP  M=SETVBUF    ACBP=48
 3B21:9CC8 0000 C=DATA   S=_DATA          G=DGROUP  M=SPLITPTH   ACBP=48
 3B21:9CC8 0000 C=DATA   S=_DATA          G=DGROUP  M=SPRINTF    ACBP=48
 3B21:9CC8 0000 C=DATA   S=_DATA          G=DGROUP  M=SSCANF     ACBP=48
 3B21:9CC8 0000 C=DATA   S=_DATA          G=DGROUP  M=STRCAT     ACBP=48
 3B21:9CC8 0000 C=DATA   S=_DATA          G=DGROUP  M=STRCHR     ACBP=48
 3B21:9CC8 0000 C=DATA   S=_DATA          G=DGROUP  M=STRCMP     ACBP=48
 3B21:9CC8 0000 C=DATA   S=_DATA          G=DGROUP  M=STRCPY     ACBP=48
 3B21:9CC8 0000 C=DATA   S=_DATA          G=DGROUP  M=STRCSPN    ACBP=48
 3B21:9CC8 0000 C=DATA   S=_DATA          G=DGROUP  M=STRDATE    ACBP=48
 3B21:9CC8 0000 C=DATA   S=_DATA          G=DGROUP  M=STRICMP    ACBP=48
 3B21:9CC8 0000 C=DATA   S=_DATA          G=DGROUP  M=STRLEN     ACBP=48
 3B21:9CC8 0000 C=DATA   S=_DATA          G=DGROUP  M=STRLWR     ACBP=48
 3B21:9CC8 0000 C=DATA   S=_DATA          G=DGROUP  M=STRNCAT    ACBP=48
 3B21:9CC8 0000 C=DATA   S=_DATA          G=DGROUP  M=STRNCMP    ACBP=48
 3B21:9CC8 0000 C=DATA   S=_DATA          G=DGROUP  M=STRNCPY    ACBP=48
 3B21:9CC8 0000 C=DATA   S=_DATA          G=DGROUP  M=STRNICMP   ACBP=48
 3B21:9CC8 0000 C=DATA   S=_DATA          G=DGROUP  M=STRPBRK    ACBP=48
 3B21:9CC8 0000 C=DATA   S=_DATA          G=DGROUP  M=STRRCHR    ACBP=48
 3B21:9CC8 0000 C=DATA   S=_DATA          G=DGROUP  M=STRREV     ACBP=48
 3B21:9CC8 0000 C=DATA   S=_DATA          G=DGROUP  M=STRSTR     ACBP=48
 3B21:9CC8 0000 C=DATA   S=_DATA          G=DGROUP  M=STRTOK     ACBP=48
 3B21:9CC8 0000 C=DATA   S=_DATA          G=DGROUP  M=STRTOUL    ACBP=48
 3B21:9CC8 0000 C=DATA   S=_DATA          G=DGROUP  M=STRUPR     ACBP=48
 3B21:9CC8 000C C=DATA   S=_DATA          G=DGROUP  M=TIMECVT    ACBP=48
 3B21:9CD4 0004 C=DATA   S=_DATA          G=DGROUP  M=TMPFILE    ACBP=48
 3B21:9CD8 0000 C=DATA   S=_DATA          G=DGROUP  M=TMPNAM     ACBP=48
 3B21:9CD8 0033 C=DATA   S=_DATA          G=DGROUP  M=TZSET      ACBP=48
 3B21:9D0C 0000 C=DATA   S=_DATA          G=DGROUP  M=VFPRINTF   ACBP=48
 3B21:9D0C 0000 C=DATA   S=_DATA          G=DGROUP  M=WRITE      ACBP=48
 3B21:9D0C 0000 C=DATA   S=_DATA          G=DGROUP  M=WRITEA     ACBP=48
 3B21:9D0C 0000 C=DATA   S=_DATA          G=DGROUP  M=WRITEU     ACBP=48
 3B21:9D0C 0000 C=DATA   S=_DATA          G=DGROUP  M=XFCLOSE    ACBP=48
 3B21:9D0C 0000 C=DATA   S=_DATA          G=DGROUP  M=XFFLUSH    ACBP=48
 3B21:9D0C 0000 C=DATA   S=_CVTSEG        G=DGROUP  M=c0.ASM     ACBP=48
 3B21:9D0C 0002 C=DATA   S=_CVTSEG        G=DGROUP  M=CVTFAK     ACBP=48
 3B21:9D0E 0000 C=DATA   S=_CVTSEG        G=DGROUP  M=REALCVT    ACBP=48
 3B21:9D0E 0000 C=DATA   S=_SCNSEG        G=DGROUP  M=c0.ASM     ACBP=48
 3B21:9D0E 0006 C=DATA   S=_SCNSEG        G=DGROUP  M=CVTFAK     ACBP=48
 3B21:9D14 0000 C=DATA   S=_SCNSEG        G=DGROUP  M=SCANTOD    ACBP=48
 3B21:9D14 0000 C=CONST  S=_CONST         G=DGROUP  M=c0.ASM     ACBP=48
 3B21:9D14 0000 C=INITDATA S=_INIT_         G=DGROUP  M=c0.ASM     ACBP=48
 3B21:9D14 0006 C=INITDATA S=_INIT_         G=DGROUP  M=SETUPIO    ACBP=48
 3B21:9D1A 0006 C=INITDATA S=_INIT_         G=DGROUP  M=CRTINIT    ACBP=48
 3B21:9D20 0006 C=INITDATA S=_INIT_         G=DGROUP  M=SETARGV    ACBP=48
 3B21:9D26 0006 C=INITDATA S=_INIT_         G=DGROUP  M=SETENVP    ACBP=48
 3B21:9D2C 0006 C=INITDATA S=_INIT_         G=DGROUP  M=TZSET      ACBP=48
 3B21:9D32 0000 C=INITDATA S=_INITEND_      G=DGROUP  M=c0.ASM     ACBP=28
 3B21:9D32 0000 C=EXITDATA S=_EXIT_         G=DGROUP  M=c0.ASM     ACBP=48
 3B21:9D32 0000 C=EXITDATA S=_EXITEND_      G=DGROUP  M=c0.ASM     ACBP=28
 3B21:9D32 0000 C=BSS    S=_BSS           G=DGROUP  M=c0.ASM     ACBP=48
 3B21:9D32 0094 C=BSS    S=_BSS           G=DGROUP  M=main.c     ACBP=48
 3B21:9DC6 0008 C=BSS    S=_BSS           G=DGROUP  M=config.c   ACBP=48
 3B21:9DCE 001C C=BSS    S=_BSS           G=DGROUP  M=version.c  ACBP=48
 3B21:9DEA 0018 C=BSS    S=_BSS           G=DGROUP  M=session.c  ACBP=48
 3B21:9E02 0004 C=BSS    S=_BSS           G=DGROUP  M=BOOTP      ACBP=48
 3B21:9E06 0004 C=BSS    S=_BSS           G=DGROUP  M=TELNET     ACBP=48
 3B21:9E0A 0004 C=BSS    S=_BSS           G=DGROUP  M=FTPCLI     ACBP=48
 3B21:9E0E 0046 C=BSS    S=_BSS           G=DGROUP  M=SMTPCLI    ACBP=48
 3B21:9E54 0004 C=BSS    S=_BSS           G=DGROUP  M=HOP        ACBP=48
 3B21:9E58 0004 C=BSS    S=_BSS           G=DGROUP  M=RDATE      ACBP=48
 3B21:9E5C 0006 C=BSS    S=_BSS           G=DGROUP  M=TRACE      ACBP=48
 3B21:9E62 0004 C=BSS    S=_BSS           G=DGROUP  M=ENETDUMP   ACBP=48
 3B21:9E66 0004 C=BSS    S=_BSS           G=DGROUP  M=ARPDUMP    ACBP=48
 3B21:9E6A 0004 C=BSS    S=_BSS           G=DGROUP  M=IPDUMP     ACBP=48
 3B21:9E6E 0004 C=BSS    S=_BSS           G=DGROUP  M=ICMPDUMP   ACBP=48
 3B21:9E72 0004 C=BSS    S=_BSS           G=DGROUP  M=UDPDUMP    ACBP=48
 3B21:9E76 0004 C=BSS    S=_BSS           G=DGROUP  M=TCPDUMP    ACBP=48
 3B21:9E7A 0004 C=BSS    S=_BSS           G=DGROUP  M=TCPCMD     ACBP=48
 3B21:9E7E 0004 C=BSS    S=_BSS           G=DGROUP  M=TCPUSER    ACBP=48
 3B21:9E82 0006 C=BSS    S=_BSS           G=DGROUP  M=TCPTIMER   ACBP=48
 3B21:9E88 0008 C=BSS    S=_BSS           G=DGROUP  M=TCPOUT     ACBP=48
 3B21:9E90 0004 C=BSS    S=_BSS           G=DGROUP  M=TCPIN      ACBP=48
 3B21:9E94 00CC C=BSS    S=_BSS           G=DGROUP  M=TCPSUBR    ACBP=48
 3B21:9F60 0004 C=BSS    S=_BSS           G=DGROUP  M=TCPHDR     ACBP=48
 3B21:9F64 0004 C=BSS    S=_BSS           G=DGROUP  M=UDPCMD     ACBP=48
 3B21:9F68 0008 C=BSS    S=_BSS           G=DGROUP  M=UDP        ACBP=48
 3B21:9F70 0004 C=BSS    S=_BSS           G=DGROUP  M=UDPHDR     ACBP=48
 3B21:9F74 0032 C=BSS    S=_BSS           G=DGROUP  M=DOMAIN     ACBP=48
 3B21:9FA6 0004 C=BSS    S=_BSS           G=DGROUP  M=DOMHDR     ACBP=48
 3B21:9FAA 000E C=BSS    S=_BSS           G=DGROUP  M=IPCMD      ACBP=48
 3B21:9FB8 000C C=BSS    S=_BSS           G=DGROUP  M=IP         ACBP=48
 3B21:9FC4 0004 C=BSS    S=_BSS           G=DGROUP  M=IPHDR      ACBP=48
 3B21:9FC8 000C C=BSS    S=_BSS           G=DGROUP  M=IPROUTE    ACBP=48
 3B21:9FD4 0006 C=BSS    S=_BSS           G=DGROUP  M=ICMPCMD    ACBP=48
 3B21:9FDA 0004 C=BSS    S=_BSS           G=DGROUP  M=ICMP       ACBP=48
 3B21:9FDE 0004 C=BSS    S=_BSS           G=DGROUP  M=ICMPHDR    ACBP=48
 3B21:9FE2 0004 C=BSS    S=_BSS           G=DGROUP  M=ARPCMD     ACBP=48
 3B21:9FE6 002E C=BSS    S=_BSS           G=DGROUP  M=ARP        ACBP=48
 3B21:A014 0004 C=BSS    S=_BSS           G=DGROUP  M=ARPHDR     ACBP=48
 3B21:A018 0074 C=BSS    S=_BSS           G=DGROUP  M=NETUSER    ACBP=48
 3B21:A08C 00C8 C=BSS    S=_BSS           G=DGROUP  M=MEMLIB     ACBP=48
 3B21:A154 0004 C=BSS    S=_BSS           G=DGROUP  M=FTPSUBR    ACBP=48
 3B21:A158 0004 C=BSS    S=_BSS           G=DGROUP  M=SOCKCMD    ACBP=48
 3B21:A15C 0004 C=BSS    S=_BSS           G=DGROUP  M=SOCKUSER   ACBP=48
 3B21:A160 000C C=BSS    S=_BSS           G=DGROUP  M=SOCKET     ACBP=48
 3B21:A16C 0022 C=BSS    S=_BSS           G=DGROUP  M=SOCKUTIL   ACBP=48
 3B21:A18E 0004 C=BSS    S=_BSS           G=DGROUP  M=IFACE      ACBP=48
 3B21:A192 001E C=BSS    S=_BSS           G=DGROUP  M=TIMER      ACBP=48
 3B21:A1B0 0004 C=BSS    S=_BSS           G=DGROUP  M=TTYDRIV    ACBP=48
 3B21:A1B4 000A C=BSS    S=_BSS           G=DGROUP  M=CMDPARSE   ACBP=48
 3B21:A1BE 0012 C=BSS    S=_BSS           G=DGROUP  M=MBUF       ACBP=48
 3B21:A1D0 0014 C=BSS    S=_BSS           G=DGROUP  M=MISC       ACBP=48
 3B21:A1E4 002A C=BSS    S=_BSS           G=DGROUP  M=FILES      ACBP=48
 3B21:A20E 0054 C=BSS    S=_BSS           G=DGROUP  M=KERNEL     ACBP=48
 3B21:A262 0006 C=BSS    S=_BSS           G=DGROUP  M=KSUBR      ACBP=48
 3B21:A268 0084 C=BSS    S=_BSS           G=DGROUP  M=ALLOC      ACBP=48
 3B21:A2EC 0006 C=BSS    S=_BSS           G=DGROUP  M=GETOPT     ACBP=48
 3B21:A2F2 0000 C=BSS    S=_BSS           G=DGROUP  M=MD5        ACBP=48
 3B21:A2F2 014E C=BSS    S=_BSS           G=DGROUP  M=PC         ACBP=48
 3B21:A440 00F0 C=BSS    S=_BSS           G=DGROUP  M=DIRUTIL    ACBP=48
 3B21:A530 0050 C=BSS    S=_BSS           G=DGROUP  M=MKNAME     ACBP=48
 3B21:A580 006C C=BSS    S=_BSS           G=DGROUP  M=PKTDRVR    ACBP=48
 3B21:A5EC 0004 C=BSS    S=_BSS           G=DGROUP  M=ENET       ACBP=48
 3B21:A5F0 0008 C=BSS    S=_BSS           G=DGROUP  M=AT         ACBP=48
 3B21:A5F8 0008 C=BSS    S=_BSS           G=DGROUP  M=FTPSERV    ACBP=48
 3B21:A600 0032 C=BSS    S=_BSS           G=DGROUP  M=SMTPSERV   ACBP=48
 3B21:A632 0004 C=BSS    S=_BSS           G=DGROUP  M=MAILUTIL   ACBP=48
 3B21:A636 0004 C=BSS    S=_BSS           G=DGROUP  M=INDEX      ACBP=48
 3B21:A63A 0004 C=BSS    S=_BSS           G=DGROUP  M=BMUTIL     ACBP=48
 3B21:A63E 0054 C=BSS    S=_BSS           G=DGROUP  M=HTTP       ACBP=48
 3B21:A692 0080 C=BSS    S=_BSS           G=DGROUP  M=ATEXIT     ACBP=48
 3B21:A712 0000 C=BSS    S=_BSS           G=DGROUP  M=BDOSPTR    ACBP=48
 3B21:A712 0000 C=BSS    S=_BSS           G=DGROUP  M=BIOSEQU    ACBP=48
 3B21:A712 0004 C=BSS    S=_BSS           G=DGROUP  M=CTRLBRK    ACBP=48
 3B21:A716 0000 C=BSS    S=_BSS           G=DGROUP  M=DOSFATTR   ACBP=48
 3B21:A716 0000 C=BSS    S=_BSS           G=DGROUP  M=DOSFIND    ACBP=48
 3B21:A716 0000 C=BSS    S=_BSS           G=DGROUP  M=DOSTIMU    ACBP=48
 3B21:A716 0000 C=BSS    S=_BSS           G=DGROUP  M=GETCURDI   ACBP=48
 3B21:A716 0000 C=BSS    S=_BSS           G=DGROUP  M=GETVECT    ACBP=48
 3B21:A716 0000 C=BSS    S=_BSS           G=DGROUP  M=IOERROR    ACBP=48
 3B21:A716 0000 C=BSS    S=_BSS           G=DGROUP  M=ISATTY     ACBP=48
 3B21:A716 0000 C=BSS    S=_BSS           G=DGROUP  M=LONGTOA    ACBP=48
 3B21:A716 0000 C=BSS    S=_BSS           G=DGROUP  M=LSEEK      ACBP=48
 3B21:A716 0000 C=BSS    S=_BSS           G=DGROUP  M=MKDIR      ACBP=48
 3B21:A716 0000 C=BSS    S=_BSS           G=DGROUP  M=READA      ACBP=48
 3B21:A716 0000 C=BSS    S=_BSS           G=DGROUP  M=RMDIR      ACBP=48
 3B21:A716 0000 C=BSS    S=_BSS           G=DGROUP  M=SCANNER    ACBP=48
 3B21:A716 0000 C=BSS    S=_BSS           G=DGROUP  M=SCANTOL    ACBP=48
 3B21:A716 00A7 C=BSS    S=_BSS           G=DGROUP  M=SEARCHP    ACBP=48
 3B21:A7BE 0000 C=BSS    S=_BSS           G=DGROUP  M=SEGREAD    ACBP=48
 3B21:A7BE 0000 C=BSS    S=_BSS           G=DGROUP  M=SETDATE    ACBP=48
 3B21:A7BE 0000 C=BSS    S=_BSS           G=DGROUP  M=SETUPIO    ACBP=48
 3B21:A7BE 0000 C=BSS    S=_BSS           G=DGROUP  M=UNLINK     ACBP=48
 3B21:A7BE 0000 C=BSS    S=_BSS           G=DGROUP  M=VPRINTER   ACBP=48
 3B21:A7BE 0000 C=BSS    S=_BSS           G=DGROUP  M=VRAM       ACBP=48
 3B21:A7BE 0000 C=BSS    S=_BSS           G=DGROUP  M=BRK        ACBP=48
 3B21:A7BE 0000 C=BSS    S=_BSS           G=DGROUP  M=CORELEFT   ACBP=48
 3B21:A7BE 0000 C=BSS    S=_BSS           G=DGROUP  M=CRTINIT    ACBP=48
 3B21:A7BE 000C C=BSS    S=_BSS           G=DGROUP  M=HARDERR    ACBP=48
 3B21:A7CA 0000 C=BSS    S=_BSS           G=DGROUP  M=INT86      ACBP=48
 3B21:A7CA 0000 C=BSS    S=_BSS           G=DGROUP  M=INTDOS     ACBP=48
 3B21:A7CA 0000 C=BSS    S=_BSS           G=DGROUP  M=IOCTL      ACBP=48
 3B21:A7CA 0000 C=BSS    S=_BSS           G=DGROUP  M=SETBLOCK   ACBP=48
 3B21:A7CA 0000 C=BSS    S=_BSS           G=DGROUP  M=SETJMP     ACBP=48
 3B21:A7CA 0000 C=BSS    S=_BSS           G=DGROUP  M=ATOL       ACBP=48
 3B21:A7CA 0000 C=BSS    S=_BSS           G=DGROUP  M=BDOS       ACBP=48
 3B21:A7CA 0000 C=BSS    S=_BSS           G=DGROUP  M=CHMODA     ACBP=48
 3B21:A7CA 0000 C=BSS    S=_BSS           G=DGROUP  M=CLOSEA     ACBP=48
 3B21:A7CA 002C C=BSS    S=_BSS           G=DGROUP  M=CTIME      ACBP=48
 3B21:A7F6 0000 C=BSS    S=_BSS           G=DGROUP  M=EOF        ACBP=48
 3B21:A7F6 0000 C=BSS    S=_BSS           G=DGROUP  M=FINDFIRS   ACBP=48
 3B21:A7F6 0000 C=BSS    S=_BSS           G=DGROUP  M=FLENGTH    ACBP=48
 3B21:A7F6 0000 C=BSS    S=_BSS           G=DGROUP  M=FREAD      ACBP=48
 3B21:A7F6 0000 C=BSS    S=_BSS           G=DGROUP  M=FSTAT      ACBP=48
 3B21:A7F6 0000 C=BSS    S=_BSS           G=DGROUP  M=FWRITE     ACBP=48
 3B21:A7F6 0001 C=BSS    S=_BSS           G=DGROUP  M=GETC       ACBP=48
 3B21:A7F8 0000 C=BSS    S=_BSS           G=DGROUP  M=GETENV     ACBP=48
 3B21:A7F8 0000 C=BSS    S=_BSS           G=DGROUP  M=MEMCMP     ACBP=48
 3B21:A7F8 0000 C=BSS    S=_BSS           G=DGROUP  M=MEMCPY     ACBP=48
 3B21:A7F8 0000 C=BSS    S=_BSS           G=DGROUP  M=MEMSET     ACBP=48
 3B21:A7F8 0000 C=BSS    S=_BSS           G=DGROUP  M=MOVEDATA   ACBP=48
 3B21:A7F8 0000 C=BSS    S=_BSS           G=DGROUP  M=MOVMEM     ACBP=48
 3B21:A7F8 0000 C=BSS    S=_BSS           G=DGROUP  M=OPEN       ACBP=48
 3B21:A7F8 0000 C=BSS    S=_BSS           G=DGROUP  M=OPENA      ACBP=48
 3B21:A7F8 0001 C=BSS    S=_BSS           G=DGROUP  M=PUTC       ACBP=48
 3B21:A7FA 0006 C=BSS    S=_BSS           G=DGROUP  M=QSORT      ACBP=48
 3B21:A800 0000 C=BSS    S=_BSS           G=DGROUP  M=READ       ACBP=48
 3B21:A800 0000 C=BSS    S=_BSS           G=DGROUP  M=RENAME     ACBP=48
 3B21:A800 0000 C=BSS    S=_BSS           G=DGROUP  M=STRCAT     ACBP=48
 3B21:A800 0000 C=BSS    S=_BSS           G=DGROUP  M=STRCHR     ACBP=48
 3B21:A800 0000 C=BSS    S=_BSS           G=DGROUP  M=STRCMP     ACBP=48
 3B21:A800 0000 C=BSS    S=_BSS           G=DGROUP  M=STRCPY     ACBP=48
 3B21:A800 0000 C=BSS    S=_BSS           G=DGROUP  M=STRICMP    ACBP=48
 3B21:A800 0000 C=BSS    S=_BSS           G=DGROUP  M=STRLEN     ACBP=48
 3B21:A800 0000 C=BSS    S=_BSS           G=DGROUP  M=STRLWR     ACBP=48
 3B21:A800 0000 C=BSS    S=_BSS           G=DGROUP  M=STRNCMP    ACBP=48
 3B21:A800 0000 C=BSS    S=_BSS           G=DGROUP  M=STRNCPY    ACBP=48
 3B21:A800 0000 C=BSS    S=_BSS           G=DGROUP  M=STRNICMP   ACBP=48
 3B21:A800 0000 C=BSS    S=_BSS           G=DGROUP  M=STRREV     ACBP=48
 3B21:A800 0000 C=BSS    S=_BSS           G=DGROUP  M=STRSTR     ACBP=48
 3B21:A800 0004 C=BSS    S=_BSS           G=DGROUP  M=STRTOK     ACBP=48
 3B21:A804 0000 C=BSS    S=_BSS           G=DGROUP  M=STRUPR     ACBP=48
 3B21:A804 0002 C=BSS    S=_BSS           G=DGROUP  M=TMPFILE    ACBP=48
 3B21:A806 0008 C=BSS    S=_BSS           G=DGROUP  M=TZSET      ACBP=48
 3B21:A80E 0000 C=BSS    S=_BSS           G=DGROUP  M=WRITEA     ACBP=48
 3B21:A80E 0000 C=BSSEND S=_BSSEND        G=DGROUP  M=c0.ASM     ACBP=28
 3B21:A810 0080 C=STACK  S=_STACK         G=DGROUP  M=c0.ASM     ACBP=74
 3B21:A890 0200 C=STACK  S=STACK          G=DGROUP  M=EMM25_A    ACBP=74

  Address         Publics by Name

 3B21:0000 idle  DATASEG@
 0000:0291       DGROUP@
 0000:09D3 idle  F_LDIV@
 0000:09E2 idle  F_LMOD@
 0000:09DA idle  F_LUDIV@
 0000:09EA idle  F_LUMOD@
 0000:0A81       F_LXLSH@
 0000:0AA2       F_PADA@
 0000:0B2A       F_PADD@
 0000:08DC       F_PCMP@
 0000:0AE6 idle  F_PSBA@
 0000:0B8A idle  F_PSBP@
 0000:0B59 idle  F_PSUB@
 0000:08FD       F_SCOPY@
 0000:09D3 idle  LDIV@
 0000:09E2 idle  LMOD@
 0000:09DA idle  LUDIV@
 0000:09EA idle  LUMOD@
 0000:0A81 idle  LXLSH@
 0000:09D0       N_LDIV@
 0000:09DF       N_LMOD@
 0000:09D7 idle  N_LUDIV@
 0000:09E7 idle  N_LUMOD@
 0000:0A7E       N_LXLSH@
 0000:0CEE       N_LXMUL@
 0000:0A9F idle  N_PADA@
 0000:0B27       N_PADD@
 0000:0D05       N_PCMP@
 0000:0AE3 idle  N_PSBA@
 0000:0B87       N_PSBP@
 0000:0B56 idle  N_PSUB@
 0000:0D26       N_SCOPY@
 0000:0AA2 idle  PADA@
 0000:0B2A idle  PADD@
 0000:08DC idle  PCMP@
 0000:0AE6 idle  PSBA@
 0000:0B8A idle  PSBP@
 0000:0B59 idle  PSUB@
 0000:08FD idle  SCOPY@
 0000:027A       _abort
 22BB:085C       _accept
 0000:3617       _access
 3B21:5142       _Accesswww
 1C9A:0DFB       _addaccess
 3259:194C       _addlist
 1184:1199 idle  _addtaccess
 15CD:039D       _add_nameserver
 257A:0462       _alarm
 2925:03DD       _alert
 3B21:5116       _Alias
 200D:0305 idle  _allocate_new_block
 200D:026E idle  _allocate_new_directory_page
 2741:00EC       _alloc_mbuf
 114F:0002       _alloc_pages
 1FEF:00A5       _Alloc_XMS
 2741:01AF       _ambufw
 0AE9:0835 idle  _answer
 2741:06BC       _append
 3B21:A14C idle  _app_handle
 3B21:A5F0 idle  _Aproc
 3B21:512A       _Arealist
 3B21:44BA       _Arptypes
 1EF0:0528       _arp_add
 1EF0:06F8       _arp_drop
 10BD:0003       _arp_dump
 1EF0:0102       _arp_input
 1EF0:07B6       _arp_lookup
 3B21:44B8 idle  _Arp_Sort
 3B21:9FE6       _Arp_stat
 3B21:9FF4       _Arp_tab
 3B21:0896       _Arp_type
 0000:39E0 idle  _asctime
 2835:0982       _assign_filenames
 3007:0A60 idle  _atcmd
 0000:0363 idle  _atexit
 0000:36C3 idle  _atoi
 27E7:0002 idle  _atoip
 0000:364E       _atol
 1FBC:000F       _aton
 3007:08AE idle  _atproc
 3981:0000       _Attab
 3B21:01AA idle  _Attended
 36A4:18E0 idle  _authorization
 29F3:0660       _availmem
 3B21:A2B8 idle  _Availmem
 3B21:A422 idle  _Background
 134E:00C9       _backoff
 3B21:00B0       _Badhost
 3B21:00C1       _Badinterface
 3B21:4A7E       _Badsocket
 3B21:019C idle  _BbsMorePrompt
 0000:36D4       _bdos
 0000:0390       _bdosptr
 34D6:1595 idle  _bgets
 22BB:03C1       _bind
 2BD1:173C idle  _bioscnt
 0000:03AB idle  _biosequip
 0000:03AE       _biosmemory
 0000:03B1       _biostime
 24C9:0B04 idle  _bitbucket
 0A31:0AED       _bootp_validPacket
 200D:07AC idle  _break_overlap
 0000:2035 idle  _brk
 2F95:0251       _btick
 29F3:05C1       _calloc
 1FFF:0063 idle  _callocUMB
 29F3:0631       _callocw
 3B21:09E4       _Cfunc
 3B21:87E4 idle  _Cgis
 21A9:04E3       _checksum
 200D:096C idle  _check_best_fit
 200D:0BC9 idle  _check_if_all_blocks_free
 200D:0091 idle  _check_token
 2F95:0105       _chktasker
 2925:064A idle  _chname
 2F95:021D       _chtimer
 1C4C:0366       _cksum
 3B21:A43C       _Clock
 2F95:018B       _clockbits
 0000:3701       _close
 22BB:1618       _close_s
 14BE:01AE       _close_self
 12CE:0448       _close_tcp
 2BD1:0CB0 idle  _clrbit
 0000:2055       _clreol
 0000:2084       _clrscr
 268B:018F       _cmdparse
 3B21:9DB2       _Cmdpp
 3931:0000       _Cmds
 3B21:5136       _CmdsHelpdir
 200D:0C31 idle  _coalesce_block
 3B21:9DEE       _Command
 22BB:05EC       _connect
 3B21:A094 idle  _context_ptrs
 3B21:A090 idle  _context_size
 3B21:A092 idle  _context_top
 115C:0031 idle  _copy_mappable_regions_struct
 115C:000C idle  _copy_matching_struct_entries
 2741:054C       _copy_p
 0000:20F9       _coreleft
 0000:2231       _cprintf
 0000:224D       _cputs
 14BE:00B0       _create_tcb
 27FE:0160       _crunch
 2BD1:0C2D       _ctick
 0000:3A0B       _ctime
 0000:03ED       _ctrlbrk
 3B21:A216       _Curproc
 3B21:9DF6       _Current
 2BD1:00B0 idle  _c_break
 3B21:0960       _Daemons
 3B21:9CFE       _daylight
 3B21:80B0       _Days
 1150:0008       _dealloc_pages
 36A4:1B46 idle  _decode
 34D6:0AD2 idle  _default_header
 34D6:0AE6       _default_index
 3B21:4AE8       _def_iftcp
 34D6:1113 idle  _delete_index
 1B9F:075F       _del_ip
 0DAC:140D       _del_list
 12CE:04ED       _del_tcp
 1568:022B       _del_udp
 2741:0807       _dequeue
 2B08:000C       _devparam
 3B21:511A       _Dfile
 3B21:9F9E       _Dfile_updater
 2D91:0001       _dir
 2D91:02F3       _dircmd
 3B21:A142 idle  _directory
 3B21:97C7       _directvideo
 34D6:1474       _dirformat
 2F95:008D       _dirps
 3B21:A08C idle  _dir_end
 2D91:0864       _dir_ok
 3B21:A140 idle  _dir_page_count
 3B21:A08E idle  _dir_start
 2BD1:13C9       _display
 3B21:9DAE       _Display
 0B75:1DA5       _doabort
 1E6A:000A       _doarp
 3007:0009       _doat
 06E9:12FD       _doattach
 2BD1:0557       _dobackg
 2BD1:03A9       _dobmail
 0A31:000E       _dobootp
 2D91:0E9D       _docd
 098F:00CC       _doclose
 2D91:0D23       _docopy
 2D91:0BEF       _dodelete
 24C9:06A3       _dodetach
 2D91:03E3       _dodir
 15CD:0007       _dodomain
 0AE9:0567       _doecho
 0AE9:05BE       _doeol
 06E9:153F       _doescape
 06E9:0DA9       _doexit
 2BD1:07B1       _dofkey
 06E9:1F18 idle  _dofstat
 0B75:00CE       _doftp
 30C2:0029       _doftpmaxsrv
 30C2:000D       _doftptdisc
 0B75:0A66       _doftype
 06E9:10B3       _dohelp
 06E9:2428       _dohistory
 0F73:000D       _dohop
 06E9:0E98       _dohostname
 36A4:000B       _dohttp
 1D88:0001       _doicmp
 24C9:0002       _doifconfig
 1184:129D       _doiftcp
 06E9:25A2       _doindex
 097E:0019       _doinfo
 1A6D:0000       _doip
 1A6D:10F6 idle  _doipheard
 2BD1:1720       _doisat
 098F:01D7       _dokick
 21FC:0293       _dokicksocket
 06E9:0B2B       _dolock
 06E9:0F73       _dolog
 3259:2169       _domailmsg
 15CD:324C       _domainsuffix
 06E9:1BCC       _domdump
 29F3:09B3       _domem
 2D91:0F04       _domkd
 06E9:1468 idle  _domode
 06E9:179E       _domore
 06E9:1E6D       _domotd
 06E9:1A64       _donothing
 0AE9:07FC idle  _dontopt
 0AE9:07B9 idle  _doopt
 06E9:131B       _doparam
 06E9:1A6B       _dopause
 1D88:014C       _doping
 2E8F:0B7B       _dopkstat
 06E9:2310       _doprompt
 0FF6:0000       _dordate
 098F:06B1       _dorecord
 06E9:156C       _doremark
 2D91:0C7C       _dorename
 098F:0142       _doreset
 2F95:0056 idle  _doret
 2F95:0049 idle  _doretch
 349B:035F       _dorewrite
 2D91:0F78       _dormd
 1A6D:06E7       _doroute
 2D91:0BC6       _dosfnchr
 2BD1:0322       _doshell
 0DAC:0001       _dosmtp
 21FC:000B       _dosock
 06E9:1AA3       _dosource
 3B21:9DA4 idle  _DosPrompt
 29F3:0781 idle  _dostat
 06E9:1D57       _dostatus
 0000:661F       _dostounix
 1014:000A       _dostrace
 06E9:18C3       _dotail
 06E9:1845       _dotaillog
 1184:0007       _dotcp
 34D6:144B idle  _dotformat
 06E9:1BB0 idle  _dothirdparty
 1014:0550       _dotrace
 1556:000E       _doudp
 098F:07F9       _doupload
 1184:08F7 idle  _doview
 2BD1:0573       _dowatchdog
 06E9:1D1C       _dowrite
 2741:0898 idle  _dqdata
 3B21:31E2 idle  _Dsocket
 3B21:9F9C       _DTranslate
 1014:0039       _dump
 1A6D:0918 idle  _dumproute
 2741:0410       _dup_p
 257A:02EF       _dur_timer
 3B21:9F9A       _DVerbose
 1C4C:0338 idle  _eac
 1D88:04D8       _echo_proc
 200D:1458       _effree
 200D:1934       _effreeall
 200D:1347       _efmalloc
 200D:11C5       _ememavl
 200D:127D       _ememmax
 1149:000E       _EMM_installed
 3B21:9D8E       _EMS_Available
 2F5E:01BA       _enet_output
 2F5E:014E       _enet_send
 2741:0795       _enqueue
 3B21:9814       _environ
 0000:40C6       _eof
 2F95:0028 idle  _eoi
 3B21:514E       _Eol
 2F5E:0229       _eproc
 2BD1:000C idle  _errhandler
 3B21:007F       _errno
 3B21:6386       _Ether_bdcst
 10AD:0009       _ether_dump
 10AD:00EA       _ether_forus
 3B21:4310       _Exceed
 3B21:00D9       _Existingiface
 0000:08A1       _exit
 3B21:4860 idle  _exp_initialized
 0000:2909       _farcoreleft
 0000:413D       _fclose
 3B21:5122 idle  _Fdbase
 3B21:511E idle  _Fdir
 0000:41F5       _fdopen
 0000:4236       _fflush
 0000:4C70       _fgetc
 0000:4D5E idle  _fgetchar
 0000:4303       _fgets
 2D91:0090       _filedir
 0000:43FF       _filelength
 0000:439F       _findfirst
 0000:43D2       _findnext
 200D:0712 idle  _find_new_dir_start
 27FE:0296       _firstpath
 34D6:149D idle  _firsttoken
 0000:4440       _flushall
 1014:08AB       _fmtline
 0000:4482       _fnsplit
 0000:4684       _fopen
 0000:46B9       _fprintf
 0000:522F       _fputc
 0000:53C4 idle  _fputchar
 0000:46D5       _fputs
 0000:4813       _fread
 29F3:025A       _free
 2BD1:0D5C       _freescreen
 098F:04EA       _freesession
 22BB:17EC       _freesock
 2D91:0B91       _free_dirs
 2741:0207 idle  _free_mbuf
 2741:02E8       _free_p
 2741:0327       _free_q
 15CD:0C88       _free_rr
 2BD1:0E0F       _Free_Screen_XMS
 1FEF:00C1       _Free_XMS
 0000:4923       _fseek
 366C:0008 idle  _fsize
 0000:4A83       _fstat
 0000:49A3       _ftell
 30C2:0E89       _ftp0
 3B21:5132       _Ftpmotd
 30C2:0045       _ftpstart
 3B21:A5F8 idle  _Ftptdiscinit
 3B21:796C       _FtpUsers
 0000:4B17       _fwrite
 3B21:A1C2 idle  _Garbq
 3B21:09F4       _Gcollect
 29F3:0A6E       _gcollect
 2F95:029A       _get16
 2F95:0284       _get32
 34D6:0136       _getaddress
 0000:0919       _getcbrk
 0000:0934       _getcurdir
 0000:0951       _getdate
 2D91:00E0       _getdir
 0000:0977       _getdisk
 0000:4D6A       _getenv
 2F5E:010B       _gether
 2BD1:0B44 idle  _getirq
 2BD1:0BE8 idle  _getmask
 34D6:00DB       _getname
 2BD1:1786       _getnenv
 22BB:1EF4       _getnextsocket
 2AB9:0001       _getopt
 22BB:11D7       _getpeername
 21A9:04C1       _getsize
 22BB:113A       _getsockname
 2F95:0188       _getss
 0000:29A2       _gettext
 0000:3533       _gettextinfo
 0000:0964       _gettime
 0000:09B0       _getvect
 1154:000E       _get_context
 34D6:02A6 idle  _get_index
 115C:00A2 idle  _get_mappable_conv_regions
 115C:0154 idle  _get_mappable_conv_region_count
 115C:00FB idle  _get_mappable_exp_regions
 115C:01B0 idle  _get_mappable_exp_region_count
 3259:13A6 idle  _get_msgid
 115C:020C       _get_page_frame_count
 114C:0006       _get_page_frame_seg
 1157:0008       _get_partial_context_size
 114D:000C       _get_unalloc_page_count
 06E9:26A1 idle  _GiveColor
 2F95:00AE       _giveup
 0000:3991       _gmtime
 36A4:1125 idle  _gmt_ptime
 098F:0074       _go
 0000:2959       _gotoxy
 0000:2A4E       _harderr
 0000:2A60 idle  _hardresume
 0000:2A6E       _hardretn
 3B21:67AF       _Hashtab
 2F95:039B       _hash_ip
 3B21:85DA       _Hdrs
 0000:20E6       _highvideo
 3B21:9DB6       _Histry
 3B21:9D90 idle  _Histrysize
 3B21:5146       _HLogsDir
 3B21:9DCA       _Hopper
 3B21:50F6       _Hostfile
 3B21:9DC2       _Hostname
 2835:0E3A idle  _htob
 27E7:00B8       _htoi
 1FBC:0174       _htol
 1F91:0003       _htonarp
 1984:0C4C       _htondomain
 2F5E:000E idle  _htonether
 1E45:000A       _htonicmp
 1C4C:000B       _htonip
 1513:000E       _htontcp
 15B7:000D       _htonudp
 36A4:031A       _http0
 3B21:513A       _Httpdir
 36A4:021A       _httpstart
 3B21:513E       _HttpStatsDir
 3B21:8800       _HttpUsers
 34D6:01FB       _htype
 3B21:A1BE idle  _Ibuffail
 3B21:0870       _Ibufsize
 3B21:5084 idle  _Ibuf_max_rq
 3B21:088A       _Icmplink
 3B21:4294       _Icmptypes
 1103:000A       _icmp_dump
 1DF8:0003       _icmp_input
 3B21:3FEA       _Icmp_mib
 1DF8:02CB       _icmp_output
 3B21:3E54       _Icmp_SQ
 3B21:3E58       _Icmp_timeexceed
 3B21:9FD4       _Icmp_trace
 3B21:4AFC       _Ifaces
 3A4D:0000 idle  _Ifcmds
 39D2:0000 idle  _Iftcpcmds
 3B21:099C       _Iftypes
 24C9:06FD       _if_detach
 24C9:0A1B       _if_lookup
 24C9:0AAE idle  _if_name
 3B21:5082 idle  _Iminfree
 2F95:030D idle  _inbuf
 34D6:0D55       _IndexFile
 3B21:A164 idle  _Inet_list
 1FBC:00A3       _inet_ntoa
 1FBC:013D       _inet_ntobos
 2835:000E       _initroot
 2D91:0AD9       _init_dirs
 200D:00C5 idle  _init_exp_mem
 1184:1417       _init_iftcp
 1FEF:000C       _Installed_XMS
 0000:2BA2       _int86
 0000:2BD3       _int86x
 0000:2C6C idle  _intdos
 0000:2C9A       _intdosx
 3B21:A1C6 idle  _Intq
 3B21:A1CA idle  _Intqlen
 3B21:63AE       _Intstk
 15CD:293B       _inverse_a
 0000:2CFA       _ioctl
 2BD1:00B4       _ioinit
 2BD1:0284       _iostop
 3B21:3E42       _IPaccess
 3B21:9FB0 idle  _Iph
 1C9A:000A       _ipinit
 3B21:0872       _Iplink
 3B21:9FB4       _Ip_addr
 1C9A:0D39 idle  _ip_check
 10DD:0002       _ip_dump
 1B9F:0A49       _ip_garbage
 3B21:3C66       _Ip_mib
 1C9A:09A0       _ip_mtu
 1C9A:0ECB idle  _ip_proc
 1B9F:016D       _ip_recv
 1C9A:0028       _ip_route
 1B9F:0007       _ip_send
 2741:00DC       _iqclear
 2741:00B4       _iqstat
 34D6:14CE idle  _isarea
 3B21:A41C       _Isat
 0000:0BFA       _isatty
 21A9:0456       _isbinary
 24C9:0A57       _ismyaddr
 2F95:007F       _istate
 0000:4DDA       _itoa
 22BB:1EC4       _itop
 2BD1:058F       _kbint
 3B21:A1B8       _Kblocked
 3B21:A1B4       _Kbpasswd
 2F95:02E2       _kbraw
 2BD1:067D       _kbread
 06E9:08BB       _keyboard
 222B:074F       _keywait
 12CE:065D idle  _kick
 12CE:062E       _kick_tcp
 2925:0302       _killer
 2925:01B7       _killproc
 2925:02A9       _killself
 29A5:0007       _kinit
 1FFF:0094       _largestUMB
 3B21:9DF2       _Lastcurr
 2F95:01B0       _lcsum
 3B21:5AD2 idle  _Leftover
 2741:0350       _len_p
 2741:0371       _len_q
 22BB:04F1       _listen
 3B21:095C idle  _Listusers
 1C9A:09F2       _locaddr
 29F3:0681       _Localheap
 0000:39AA       _localtime
 3B21:9E5C idle  _LocalTraceColor
 06E9:0F8F       _log
 2F95:03AF       _log2
 3B21:510A       _LogsDir
 1A6D:1180       _log_ipheard
 2F95:0325       _longdiv
 0000:33E0       _longjmp
 2F95:0363       _longmul
 14BE:000A       _lookup_tcb
 3B21:4B00       _Loopback
 0000:20EC       _lowvideo
 0000:0CAD       _lseek
 0000:4E22 idle  _ltoa
 2BD1:0D10       _ltop
 3B21:50FE       _Maillog
 3B21:5106       _Mailqdir
 3B21:510E       _Mailqueue
 0DAC:1869       _mailroute
 3B21:5102       _Mailspool
 3259:1D30 idle  _mailuser
 06E9:0015       _main
 3B21:4ECD       _MainColors
 2925:0000       _mainproc
 3B21:5ACC       _MainStColors
 3B21:9DAC       _main_exit
 2D91:0750       _make_dir_path
 2D91:07E6       _make_fname
 29F3:000F       _malloc
 1FFF:000B idle  _mallocUMB
 29F3:05F6       _mallocw
 3B21:A14A idle  _man_handle
 200D:0047 idle  _map_dir_page
 1151:0008       _map_unmap_page
 1159:0000       _map_unmap_pages
 24C9:0A89       _mask2width
 2BD1:0B72 idle  _maskoff
 2BD1:0BAD idle  _maskon
 3B21:44DE       _Maxarpq
 3B21:01C0 idle  _Maxhistory
 2741:09E4       _mbuf_crunch
 2B13:0180       _MD5Final
 2B13:0008       _MD5Init
 2835:0855       _md5sum
 2B13:02E2 idle  _MD5Transform
 2B13:0040       _MD5Update
 3259:1E3E       _mdaemon
 0000:4E4A       _memcmp
 0000:4E72       _memcpy
 0000:4E96       _memicmp
 0000:4F94       _memmove
 0000:4F01       _memset
 3B21:086A       _Memthresh
 3B21:55CC       _Minheap
 0000:0CD6       _mkdir
 0000:3BB4       _mktime
 349B:006B       _mlock
 3B21:85AA       _Months
 06E9:15A9       _morecmd
 3B21:9DEA idle  _Morewait
 3B21:9DA6 idle  _Motd
 0000:4F20       _movedata
 0000:2DF2       _movetext
 1FEF:00D9       _Move_XMS
 0000:4F42       _movmem
 3B21:9DA2       _Mprunning
 2BD1:15CF       _msclock
 34D6:0003 idle  _MsgsInMbx
 3B21:67AE       _Mtasker
 34D6:0C18       _mydate
 366C:028E idle  _mykeywait
 3B21:A08A       _Net_error
 0958:00F3 idle  _net_route
 06E9:2498       _newfopen
 2925:0085       _newproc
 2BD1:0D37       _newscreen
 098F:023E       _newsession
 3B21:A30C idle  _Nextkey
 2D91:003B idle  _nextname
 3B21:086E       _Nibufs
 3B21:4B8A       _Noipaddr
 3B21:A420       _Nokeys
 3B21:0135 idle  _Noperm
 3B21:009D idle  _NoRead
 0000:20F2 idle  _normvideo
 3B21:0112 idle  _NosLoadInfo
 3B21:0149       _Nosock
 3B21:00F6       _Nospace
 3B21:0102 idle  _Nosversion
 3B21:1154       _Notval
 3B21:0868       _Nsessions
 1F91:0148       _ntoharp
 1984:0008       _ntohdomain
 2F5E:007F       _ntohether
 1E45:0178       _ntohicmp
 1C4C:01D2       _ntohip
 1513:0253       _ntohtcp
 15B7:00C0       _ntohudp
 3B21:48C2 idle  _number_pages_mapped
 3B21:9DBE       _Numcols
 3B21:9DC0       _Numrows
 3B21:A152 idle  _num_pages_in_page_frame
 3B21:514A       _Onexit
 0000:4FE2       _open
 12CE:000F       _open_tcp
 1568:0001       _open_udp
 3B21:A2EE       _optarg
 3B21:5926 idle  _opterr
 3B21:5928       _optind
 3B21:A2EC idle  _optopt
 2F95:02F3 idle  _outbuf
 3B21:4862 idle  _pages_mapped
 3B21:A14E idle  _page_frame_base_address
 2B08:0082       _parmname
 3B21:A0BC idle  _partial_page_map
 27FE:0001       _pathname
 257A:03DD       _pause
 2BD1:0C59       _pctick
 3B21:5126 idle  _Pdbase
 30C2:17A6 idle  _permcheck
 0000:51A0 idle  _perror
 2F5E:00C4       _pether
 29A5:04DF       _phash
 1FBC:0203       _pinet
 1D88:061B idle  _pingem
 2E8F:01AE       _pkint
 2F89:0016       _pkvec0
 2F89:0046       _pkvec1
 2F89:0076       _pkvec2
 2E8F:0321       _pk_attach
 2E8F:000C idle  _pk_send
 200D:000C idle  _prepare_dir_mapping
 3B21:9D82 idle  _PrevTi
 0000:51F8       _printf
 29A5:0025       _ps
 29A5:0420       _psetup
 2925:052D       _psignal
 24AE:0001       _psocket
 3259:1329       _ptime
 2BD1:0CEB       _ptol
 2741:093F       _pull16
 2741:090B       _pull32
 2741:097A       _pullchar
 2741:05DB       _pullup
 2741:071D       _pushdown
 2F95:02CC       _put16
 2F95:02AA       _put32
 0000:2E8F       _putch
 0000:55DB       _puts
 0000:29F8       _puttext
 2925:042F       _pwait
 2741:085F       _qdata
 0000:58E7       _qsort
 1FEF:007A       _Query_XMS
 1FEF:00FA idle  _Query_XMS_handle
 3259:15A4 idle  _queuejob
 0000:0D53 idle  _rand
 3B21:A428       _Rawterm
 1014:0369 idle  _raw_dump
 3B21:9FBC idle  _Raw_ip
 1B9F:071F       _raw_ip
 3B21:A21A       _Rdytab
 0000:59E0       _read
 2835:0E7B idle  _readhex
 34D6:1181 idle  _read_header
 34D6:11C2 idle  _read_index
 257A:024B       _read_timer
 115A:000E       _realloc_pages
 3B21:9FC0       _Reasmq
 222B:0006 idle  _recv
 222B:0692       _recvchar
 21A9:01F8       _recvfile
 222B:0064 idle  _recvfrom
 222B:0148       _recvline
 22BB:097F       _recv_mbuf
 12CE:0340       _recv_tcp
 1568:0176       _recv_udp
 3B21:4318       _Redirect
 2741:0002       _refiq
 3B21:1496 idle  _Refuse_echo
 1FEF:0073 idle  _Release_HMA
 1FEF:004A       _Release_UMB
 366C:02FB       _RemoveMailLocks
 24C9:00BB idle  _removetrace
 0000:59E3       _rename
 1FEF:0069 idle  _Request_HMA
 1FEF:002B       _Request_UMB
 3007:0A8C idle  _requote
[...]
 1556:000E       _doudp
 1556:002C       _st_udp
 1568:0001       _open_udp
 1568:007C       _send_udp
 1568:0176       _recv_udp
 1568:022B       _del_udp
 1568:02BD       _udp_input
 1568:04CD       _udp_garbage
 15B7:000D       _htonudp
 15B7:00C0       _ntohudp
 15B7:0134       _udpcksum
 15CD:0007       _dodomain
 15CD:039D       _add_nameserver
 15CD:0C88       _free_rr
 15CD:293B       _inverse_a
 15CD:29F3 idle  _resolve_rr
 15CD:2B93       _resolve_a
 15CD:2CCB       _resolve
 15CD:2DB8       _resolve_amx
 15CD:2F60       _resolve_mx
 15CD:30C6       _resolve_mailb
 15CD:324C       _domainsuffix
 1984:0008       _ntohdomain
 1984:0C4C       _htondomain
 1A6D:0000       _doip
 1A6D:06E7       _doroute
 1A6D:0918 idle  _dumproute
 1A6D:10F6 idle  _doipheard
 1A6D:1180       _log_ipheard
 1B9F:0007       _ip_send
 1B9F:016D       _ip_recv
 1B9F:071F       _raw_ip
 1B9F:075F       _del_ip
 1B9F:0A49       _ip_garbage
 1C4C:000B       _htonip
 1C4C:01D2       _ntohip
 1C4C:0338 idle  _eac
 1C4C:0366       _cksum
 1C9A:000A       _ipinit
 1C9A:0028       _ip_route
 1C9A:06CD       _rt_add
 1C9A:086B       _rt_drop
 1C9A:09A0       _ip_mtu
 1C9A:09F2       _locaddr
 1C9A:0AA2       _rt_lookup
 1C9A:0BAA       _rt_blookup
 1C9A:0C36 idle  _rt_merge
 1C9A:0D39 idle  _ip_check
 1C9A:0DFB       _addaccess
 1C9A:0ECB idle  _ip_proc
 1D88:0001       _doicmp
 1D88:014C       _doping
 1D88:04D8       _echo_proc
 1D88:061B idle  _pingem
 1DF8:0003       _icmp_input
 1DF8:02CB       _icmp_output
 1E45:000A       _htonicmp
 1E45:0178       _ntohicmp
 1E6A:000A       _doarp
 1EF0:000F       _res_arp
 1EF0:0102       _arp_input
 1EF0:0528       _arp_add
 1EF0:06F8       _arp_drop
 1EF0:07B6       _arp_lookup
 1F91:0003       _htonarp
 1F91:0148       _ntoharp
 1FBC:000F       _aton
 1FBC:00A3       _inet_ntoa
 1FBC:013D       _inet_ntobos
 1FBC:0174       _htol
 1FBC:0203       _pinet
 1FEF:000C       _Installed_XMS
 1FEF:002B       _Request_UMB
 1FEF:004A       _Release_UMB
 1FEF:0069 idle  _Request_HMA
 1FEF:0073 idle  _Release_HMA
 1FEF:007A       _Query_XMS
 1FEF:008E       _Total_XMS
 1FEF:00A5       _Alloc_XMS
 1FEF:00C1       _Free_XMS
 1FEF:00D9       _Move_XMS
 1FEF:00FA idle  _Query_XMS_handle
 1FFF:000B idle  _mallocUMB
 1FFF:0063 idle  _callocUMB
 1FFF:0094       _largestUMB
 200D:000C idle  _prepare_dir_mapping
 200D:0047 idle  _map_dir_page
 200D:0073 idle  _restore_memlib_context
 200D:0091 idle  _check_token
 200D:00C5 idle  _init_exp_mem
 200D:026E idle  _allocate_new_directory_page
 200D:0305 idle  _allocate_new_block
 200D:0503 idle  _split_block
 200D:0712 idle  _find_new_dir_start
 200D:07AC idle  _break_overlap
 200D:096C idle  _check_best_fit
 200D:0BC9 idle  _check_if_all_blocks_free
 200D:0C31 idle  _coalesce_block
 200D:0DFC idle  _search_after
 200D:0FE7 idle  _search_before
 200D:11C5       _ememavl
 200D:127D       _ememmax
 200D:1347       _efmalloc
 200D:1458       _effree
 200D:16D4 idle  _seteptrs
 200D:1902       _set1eptr
 200D:1934       _effreeall
 21A9:0008       _sendfile
 21A9:01F8       _recvfile
 21A9:0456       _isbinary
 21A9:04C1       _getsize
 21A9:04E3       _checksum
 21FC:000B       _dosock
 21FC:0293       _dokicksocket
 222B:0006 idle  _recv
 222B:0064 idle  _recvfrom
 222B:00BC       _send
 222B:0116       _sendto
 222B:0148       _recvline
 222B:019B       _usprintf
 222B:01C0       _tprintf
 222B:01F0 idle  _usvprintf
 222B:029D       _usputc
 222B:03E2       _tputc
 222B:0400       _usputs
 222B:05E0       _tputs
 222B:05FE       _rrecvchar
 222B:0692       _recvchar
 222B:06E6       _usflush
 222B:073B       _tflush
 222B:074F       _keywait
 222B:0815       _seteol
 222B:085E       _sockmode
 222B:08A9       _setflush
 222B:08DB idle  _sockblock
 22BB:000E       _socket
 22BB:021C       _sockfopen
 22BB:0304       _stdoutsockfopen
 22BB:03C1       _bind
 22BB:04F1       _listen
 22BB:05EC       _connect
 22BB:085C       _accept
 22BB:097F       _recv_mbuf
 22BB:0CF0       _send_mbuf
 22BB:113A       _getsockname
 22BB:11D7       _getpeername
 22BB:1270       _socklen
 22BB:1425       _sockkick
 22BB:14B6       _sockowner
 22BB:1503       _shutdown
 22BB:1618       _close_s
 22BB:17B9       _usesock
 22BB:17EC       _freesock
 22BB:1B59       _start_tcp
 22BB:1D43       _stop_tcp
 22BB:1EC4       _itop
 22BB:1EF4       _getnextsocket
 24AE:0001       _psocket
 24AE:0077       _sockerr
 24AE:00EA       _sockstate
 24AE:0169       _st_garbage
 24C9:0002       _doifconfig
 24C9:00BB idle  _removetrace
 24C9:0346       _setencap
 24C9:06A3       _dodetach
 24C9:06FD       _if_detach
 24C9:0A1B       _if_lookup
 24C9:0A57       _ismyaddr
 24C9:0A89       _mask2width
 24C9:0AAE idle  _if_name
 24C9:0B04 idle  _bitbucket
 257A:0007       _timerproc
 257A:0113       _start_timer
 257A:01D1       _stop_timer
 257A:024B       _read_timer
 257A:02EF       _dur_timer
 257A:0364       _set_timer
 257A:03DD       _pause
 257A:0462       _alarm
 257A:04D3       _tformat
 25D2:0008       _ttydriv
 268B:018F       _cmdparse
 268B:05D7       _subcmd
 268B:07DC       _setbool
 268B:089D       _setlong
 268B:08E1       _setshort
 268B:091F       _setint
 268B:095D       _setuns
 268B:099B idle  _setintrc
 268B:0A1B       _setflag
 2741:0002       _refiq
 2741:00B4       _iqstat
 2741:00DC       _iqclear
 2741:00EC       _alloc_mbuf
 2741:01AF       _ambufw
 2741:0207 idle  _free_mbuf
 2741:02E8       _free_p
 2741:0327       _free_q
 2741:0350       _len_p
 2741:0371       _len_q
 2741:0390       _trim_mbuf
 2741:0410       _dup_p
 2741:054C       _copy_p
 2741:05DB       _pullup
 2741:06BC       _append
 2741:071D       _pushdown
 2741:0795       _enqueue
 2741:0807       _dequeue
 2741:085F       _qdata
 2741:0898 idle  _dqdata
 2741:090B       _pull32
 2741:093F       _pull16
 2741:097A       _pullchar
 2741:09A1       _write_p
 2741:09E4       _mbuf_crunch
 27E7:0002 idle  _atoip
 27E7:0079       _smsg
 27E7:00B8       _htoi
 27E7:0122       _strdup
 27FE:0001       _pathname
 27FE:0160       _crunch
 27FE:0296       _firstpath
 2835:000E       _initroot
 2835:0206 idle  _rootdircat
 2835:02F5       _userlogin
 2835:0855       _md5sum
 2835:0982       _assign_filenames
 2835:0AD3       _usercvt
 2835:0E3A idle  _htob
 2835:0E7B idle  _readhex
 2925:0000       _mainproc
 2925:0085       _newproc
 2925:01B7       _killproc
 2925:02A9       _killself
 2925:0302       _killer
 2925:0365 idle  _suspend
 2925:03B1 idle  _resume
 2925:03DD       _alert
 2925:042F       _pwait
 2925:052D       _psignal
 2925:064A idle  _chname
 29A5:0007       _kinit
 29A5:0025       _ps
 29A5:03B9 idle  _stkutil
 29A5:0420       _psetup
 29A5:04DF       _phash
 29F3:000F       _malloc
 29F3:025A       _free
 29F3:05C1       _calloc
 29F3:05F6       _mallocw
 29F3:0631       _callocw
 29F3:0660       _availmem
 29F3:0681       _Localheap
 29F3:0781 idle  _dostat
 29F3:09B3       _domem
 29F3:0A6E       _gcollect
 2AB9:0001       _getopt
 2ADD:00A0       _wildmat
 2B08:000C       _devparam
 2B08:0082       _parmname
 2B13:0008       _MD5Init
 2B13:0040       _MD5Update
 2B13:0180       _MD5Final
 2B13:02E2 idle  _MD5Transform
 2BD1:000C idle  _errhandler
 2BD1:00B0 idle  _c_break
 2BD1:00B4       _ioinit
 2BD1:0284       _iostop
 2BD1:0322       _doshell
 2BD1:03A9       _dobmail
 2BD1:0557       _dobackg
 2BD1:0573       _dowatchdog
 2BD1:058F       _kbint
 2BD1:066F       _rflush
 2BD1:067D       _kbread
 2BD1:07B1       _dofkey
 2BD1:0B03 idle  _setirq
 2BD1:0B44 idle  _getirq
 2BD1:0B72 idle  _maskoff
 2BD1:0BAD idle  _maskon
 2BD1:0BE8 idle  _getmask
 2BD1:0C2D       _ctick
 2BD1:0C59       _pctick
 2BD1:0CA1 idle  _setbit
 2BD1:0CB0 idle  _clrbit
 2BD1:0CC7 idle  _writebit
 2BD1:0CEB       _ptol
 2BD1:0D10       _ltop
 2BD1:0D26       _sysreset
 2BD1:0D37       _newscreen
 2BD1:0D5C       _freescreen
 2BD1:0E0F       _Free_Screen_XMS
 2BD1:0E5E       _swapscreen
 2BD1:13C9       _display
 2BD1:15CF       _msclock
 2BD1:166E       _secclock
 2BD1:1720       _doisat
 2BD1:173C idle  _bioscnt
 2BD1:1786       _getnenv
 2BD1:17B0 idle  _StatusLine1
 2BD1:1913 idle  _StatusLine3
 2BD1:1B56       _UpdateStatus
 2D91:0001       _dir
 2D91:003B idle  _nextname
 2D91:0090       _filedir
 2D91:00E0       _getdir
 2D91:02F3       _dircmd
 2D91:03E3       _dodir
 2D91:048A idle  _wildcardize
 2D91:0730       _undosify
 2D91:0750       _make_dir_path
 2D91:07E6       _make_fname
 2D91:0864       _dir_ok
 2D91:0AD9       _init_dirs
 2D91:0B91       _free_dirs
 2D91:0BC6       _dosfnchr
 2D91:0BEF       _dodelete
 2D91:0C7C       _dorename
 2D91:0D23       _docopy
 2D91:0E9D       _docd
 2D91:0F04       _domkd
 2D91:0F78       _dormd
 2E8F:000C idle  _pk_send
 2E8F:01AE       _pkint
 2E8F:0321       _pk_attach
 2E8F:0B7B       _dopkstat
 2F5E:000E idle  _htonether
 2F5E:007F       _ntohether
 2F5E:00C4       _pether
 2F5E:010B       _gether
 2F5E:014E       _enet_send
 2F5E:01BA       _enet_output
 2F5E:0229       _eproc
 2F89:0016       _pkvec0
 2F89:0046       _pkvec1
 2F89:0076       _pkvec2
 2F95:0028 idle  _eoi
 2F95:0049 idle  _doretch
 2F95:0056 idle  _doret
 2F95:007F       _istate
 2F95:008D       _dirps
 2F95:009B       _restore
 2F95:00AE       _giveup
 2F95:0105       _chktasker
 2F95:0188       _getss
 2F95:018B       _clockbits
 2F95:01B0       _lcsum
 2F95:021D       _chtimer
 2F95:023E       _uchtimer
 2F95:0251       _btick
 2F95:0284       _get32
 2F95:029A       _get16
 2F95:02AA       _put32
 2F95:02CC       _put16
 2F95:02E2       _kbraw
 2F95:02F3 idle  _outbuf
 2F95:030D idle  _inbuf
 2F95:0325       _longdiv
 2F95:0363       _longmul
 2F95:039B       _hash_ip
 2F95:03AF       _log2
 2FD1:029F       _start_back
 2FD1:032F       _stop_back
 3007:0009       _doat
 3007:08AE idle  _atproc
 3007:0A60 idle  _atcmd
 3007:0A8C idle  _requote
 30C2:000D       _doftptdisc
 30C2:0029       _doftpmaxsrv
 30C2:0045       _ftpstart
 30C2:0E89       _ftp0
 30C2:17A6 idle  _permcheck
 3259:0007       _smtp1
 3259:003F       _smtp0
 3259:1329       _ptime
 3259:13A6 idle  _get_msgid
 3259:1484 idle  _validate_address
 3259:15A4 idle  _queuejob
 3259:194C       _addlist
 3259:1D30 idle  _mailuser
 3259:1E3E       _mdaemon
 3259:2169       _domailmsg
 349B:006B       _mlock
 349B:00C6       _rmlock
 349B:00ED       _rewrite_address
 349B:035F       _dorewrite
 34D6:0003 idle  _MsgsInMbx
 34D6:006A       _rip
 34D6:0091       _skipwhite
 34D6:00B6       _skipnonwhite
 34D6:00DB       _getname
 34D6:0136       _getaddress
 34D6:01FB       _htype
 34D6:02A6 idle  _get_index
 34D6:033E       _set_index
 34D6:0704 idle  _WriteIndex
 34D6:0AD2 idle  _default_header
 34D6:0AE6       _default_index
 34D6:0C18       _mydate
 34D6:0D55       _IndexFile
 34D6:106A       _write_index
 34D6:1113 idle  _delete_index
 34D6:1146 idle  _write_header
 34D6:1181 idle  _read_header
 34D6:11C2 idle  _read_index
 34D6:144B idle  _dotformat
 34D6:1474       _dirformat
 34D6:149D idle  _firsttoken
 34D6:14CE idle  _isarea
 34D6:1595 idle  _bgets
 34D6:15EA       _UpdateIndex
 34D6:187D       _SyncIndex
 366C:0008 idle  _fsize
 366C:006A idle  _tkeywait
 366C:028E idle  _mykeywait
 366C:02FB       _RemoveMailLocks
 36A4:000B       _dohttp
 36A4:021A       _httpstart
 36A4:031A       _http0
 36A4:0F35 idle  _wwwlog
 36A4:1125 idle  _gmt_ptime
 36A4:18E0 idle  _authorization
 36A4:1B46 idle  _decode
 3931:0000       _Cmds
 3981:0000       _Attab
 39D2:0000 idle  _Iftcpcmds
 3A06:0000       _Routes
 3A4D:0000 idle  _Ifcmds
 3B21:0000 idle  DATASEG@
 3B21:005B idle  __Int0Vector
 3B21:005F idle  __Int4Vector
 3B21:0063 idle  __Int5Vector
 3B21:0067 idle  __Int6Vector
 3B21:006B       __C0argc
 3B21:006D       __C0argv
 3B21:0071       __C0environ
 3B21:0075       __envLng
 3B21:0077       __envseg
 3B21:0079       __envSize
 3B21:007B       __psp
 3B21:007D idle  __osversion
 3B21:007D       __osmajor
 3B21:007D       __version
 3B21:007E idle  __osminor
 3B21:007F       _errno
 3B21:0081 idle  __StartTime
 3B21:0085 idle  ___brklvl
 3B21:0087       __heapbase
 3B21:008B       __brklvl
 3B21:008F       __heaptop
 3B21:009D idle  _NoRead
 3B21:00B0       _Badhost
 3B21:00C1       _Badinterface
 3B21:00D9       _Existingiface
 3B21:00F6       _Nospace
 3B21:0102 idle  _Nosversion
 3B21:0112 idle  _NosLoadInfo
 3B21:0135 idle  _Noperm
 3B21:0149       _Nosock
 3B21:015E idle  _SysopBusy
 3B21:0193       _TelnetMorePrompt
 3B21:019C idle  _BbsMorePrompt
 3B21:01AA idle  _Attended
 3B21:01AC idle  _ThirdParty
 3B21:01B0       _StatusLines
 3B21:01B2       _Tracesession
 3B21:01B4       _Trace
 3B21:01B8       _TraceColor
 3B21:01BA       _stdoutSock
 3B21:01C0 idle  _Maxhistory
 3B21:01C2 idle  _Uselog
 3B21:0868       _Nsessions
 3B21:086A       _Memthresh
 3B21:086E       _Nibufs
 3B21:0870       _Ibufsize
 3B21:0872       _Iplink
 3B21:088A       _Icmplink
 3B21:0896       _Arp_type
 3B21:095C idle  _Listusers
 3B21:0960       _Daemons
 3B21:099C       _Iftypes
 3B21:09E4       _Cfunc
 3B21:09F4       _Gcollect
 3B21:0A08       _Shutdown
 3B21:0A10       _Tracef
 3B21:0AA0 idle  _Tcp_interact
 3B21:0ECA       _shortversion
 3B21:0ED4       _Version2
 3B21:0F54       _Version
 3B21:1154       _Notval
 3B21:1180       _TooManySessions
 3B21:1194       _Sestypes
 3B21:1306       _WantBootp
 3B21:1496 idle  _Refuse_echo
 3B21:1498 idle  _Tn_cr_mode
 3B21:1C6C       _Smtptrace
 3B21:1C86       _Smtpmode
 3B21:1C88       _Smtpquiet
 3B21:1C8A idle  _UseMX
 3B21:1C8C idle  _Sdtimer
 3B21:2454 idle  _Tracecmd
 3B21:2932       _TCPaccess
 3B21:2EBA       _Tcp_window
 3B21:2EBC       _Tcp_blimit
 3B21:2EBE       _Tcpstates
 3B21:2EEE       _Tcpreasons
 3B21:2EFE       _Tcp_mss
 3B21:2F00       _Tcp_irtt
 3B21:2F04       _Tcp_retries
 3B21:2F06       _Tcp_mib
 3B21:3120       _Udp_mib
 3B21:31E2 idle  _Dsocket
 3B21:3834 idle  _Route_Sort
 3B21:3836 idle  _RouteHeader
 3B21:3C66       _Ip_mib
 3B21:3E0C       _R_default
 3B21:3E42       _IPaccess
 3B21:3E54       _Icmp_SQ
 3B21:3E58       _Icmp_timeexceed
 3B21:3FEA       _Icmp_mib
 3B21:4294       _Icmptypes
 3B21:42D8       _Unreach
 3B21:4310       _Exceed
 3B21:4318       _Redirect
 3B21:44B8 idle  _Arp_Sort
 3B21:44BA       _Arptypes
 3B21:44DE       _Maxarpq
 3B21:4860 idle  _exp_initialized
 3B21:4862 idle  _pages_mapped
 3B21:48C2 idle  _number_pages_mapped
 3B21:4A52       _Socktypes
 3B21:4A7E       _Badsocket
 3B21:4AE8       _def_iftcp
 3B21:4AFC       _Ifaces
 3B21:4B00       _Loopback
 3B21:4B8A       _Noipaddr
 3B21:4ECD       _MainColors
 3B21:4ECE       _SplitColors
 3B21:5082 idle  _Iminfree
 3B21:5084 idle  _Ibuf_max_rq
 3B21:50E8       _System
 3B21:50EE       _Startup
 3B21:50F2 idle  _Userfile
 3B21:50F6       _Hostfile
 3B21:50FA       _Spoolqdir
 3B21:50FE       _Maillog
 3B21:5102       _Mailspool
 3B21:5106       _Mailqdir
 3B21:510A       _LogsDir
 3B21:510E       _Mailqueue
 3B21:5112       _Routeqdir
 3B21:5116       _Alias
 3B21:511A       _Dfile
 3B21:511E idle  _Fdir
 3B21:5122 idle  _Fdbase
 3B21:5126 idle  _Pdbase
 3B21:512A       _Arealist
 3B21:512E       _Rewritefile
 3B21:5132       _Ftpmotd
 3B21:5136       _CmdsHelpdir
 3B21:513A       _Httpdir
 3B21:513E       _HttpStatsDir
 3B21:5142       _Accesswww
 3B21:5146       _HLogsDir
 3B21:514A       _Onexit
 3B21:514E       _Eol
 3B21:5436       _Taskers
 3B21:55CC       _Minheap
 3B21:5926 idle  _opterr
 3B21:5928       _optind
 3B21:5ACA       __stklen
 3B21:5ACC       _MainStColors
 3B21:5ACD       _SesStColors
 3B21:5ACE       _WDTick
 3B21:5AD0       _WDCurr
 3B21:5AD2 idle  _Leftover
 3B21:6386       _Ether_bdcst
 3B21:63AA idle  _Spsave
 3B21:63AC idle  _Sssave
 3B21:63AE       _Intstk
 3B21:67AE       _Mtasker
 3B21:67AE       _Stktop
 3B21:67AF       _Hashtab
 3B21:796C       _FtpUsers
 3B21:80B0       _Days
 3B21:85AA       _Months
 3B21:85DA       _Hdrs
 3B21:87E4 idle  _Cgis
 3B21:8800       _HttpUsers
 3B21:9390       __atexitcnt
 3B21:9392       __ctype
 3B21:9494       __exitbuf
 3B21:9498       __exitfopen
 3B21:949C idle  __exitopen
 3B21:94A0       __streams
 3B21:9630       __nfile
 3B21:9632       __openfd
 3B21:965A       __fmode
 3B21:965C       __notUmask
 3B21:965E       __doserrno
 3B21:9660 idle  __dosErrorToSV
 3B21:97B6       __wscroll
 3B21:97B8       __video
 3B21:97C7       _directvideo
 3B21:9804 idle  __argc
 3B21:9806 idle  __argv
 3B21:9814       _environ
 3B21:99EE       _sys_errlist
 3B21:9AAE idle  _sys_nerr
 3B21:9CD8       __monthDay
 3B21:9CF2       _tzname
 3B21:9CFA       _timezone
 3B21:9CFE       _daylight
 3B21:9D0C       __RealCvtVector
 3B21:9D0E       __ScanTodVector
 3B21:9D82 idle  _PrevTi
 3B21:9D8E       _EMS_Available
 3B21:9D90 idle  _Histrysize
 3B21:9D96 idle  _StartTime
 3B21:9D9E idle  _UtcOffset
 3B21:9DA2       _Mprunning
 3B21:9DA4 idle  _DosPrompt
 3B21:9DA6 idle  _Motd
 3B21:9DAA       _XMS_Available
 3B21:9DAC       _main_exit
 3B21:9DAE       _Display
 3B21:9DB2       _Cmdpp
 3B21:9DB6       _Histry
 3B21:9DBE       _Numcols
 3B21:9DC0       _Numrows
 3B21:9DC2       _Hostname
 3B21:9DCA       _Hopper
 3B21:9DEA idle  _Morewait
 3B21:9DEC idle  _Row
 3B21:9DEE       _Command
 3B21:9DF2       _Lastcurr
 3B21:9DF6       _Current
 3B21:9DFA       _Sessions
 3B21:9E0E       _SmtpServTdisc
 3B21:9E10 idle  _Smtpt4
 3B21:9E3A idle  _Smtpcli_t
 3B21:9E5C idle  _LocalTraceColor
 3B21:9E82       _tcptimertype
 3B21:9E88       _Tcp_maxwait
 3B21:9E94       _Tcp_trace
 3B21:9E96       _Tcp_syndata
 3B21:9E98       _Tcbs
 3B21:9E9C       _Tcp_rtt
 3B21:9F68       _Udps
 3B21:9F9A       _DVerbose
 3B21:9F9C       _DTranslate
 3B21:9F9E       _Dfile_updater
 3B21:9FB0 idle  _Iph
 3B21:9FB4       _Ip_addr
 3B21:9FBC idle  _Raw_ip
 3B21:9FC0       _Reasmq
 3B21:9FD4       _Icmp_trace
 3B21:9FE6       _Arp_stat
 3B21:9FF4       _Arp_tab
 3B21:A08A       _Net_error
 3B21:A08C idle  _dir_end
 3B21:A08E idle  _dir_start
 3B21:A090 idle  _context_size
 3B21:A092 idle  _context_top
 3B21:A094 idle  _context_ptrs
 3B21:A0BC idle  _partial_page_map
 3B21:A13E idle  _total_app_allocated_pages
 3B21:A140 idle  _dir_page_count
 3B21:A142 idle  _directory
 3B21:A14A idle  _man_handle
 3B21:A14C idle  _app_handle
 3B21:A14E idle  _page_frame_base_address
 3B21:A152 idle  _num_pages_in_page_frame
 3B21:A164 idle  _Inet_list
 3B21:A1A8       _Timers
 3B21:A1B4       _Kbpasswd
 3B21:A1B8       _Kblocked
 3B21:A1BE idle  _Ibuffail
 3B21:A1C2 idle  _Garbq
 3B21:A1C6 idle  _Intq
 3B21:A1CA idle  _Intqlen
 3B21:A212       _Susptab
 3B21:A216       _Curproc
 3B21:A21A       _Rdytab
 3B21:A21E       _Waittab
 3B21:A2B8 idle  _Availmem
 3B21:A2EC idle  _optopt
 3B21:A2EE       _optarg
 3B21:A306 idle  _StLen3
 3B21:A308       _StBuf3
 3B21:A30C idle  _Nextkey
 3B21:A41C       _Isat
 3B21:A41E idle  _Watchdog
 3B21:A420       _Nokeys
 3B21:A422 idle  _Background
 3B21:A428       _Rawterm
 3B21:A430       _ScreenSizeK
 3B21:A432       _SwapMode
 3B21:A434       _ScreenSize
 3B21:A436       _Screen
 3B21:A43A       _Tick
 3B21:A43C       _Clock
 3B21:A5F0 idle  _Aproc
 3B21:A5F8 idle  _Ftptdiscinit
 3B21:A628       _Smtpmaxserv
 3B21:A62A idle  _Smtpservcnt
 3B21:A62C       _SmtpUsers
 3B21:A692       __atexittbl
 3B21:A804       __tmpnum

Program entry point at 0000:0000

